Microchip MPLAB XC8 Compiler V1.38 ()

Linker command line:

-W-3 --edf=C:\Program Files (x86)\Microchip\xc8\v1.38\dat\en_msgs.txt -cs \
  -h+dist/default/debug\VXP150N_220614.X.debug.sym \
  --cmf=dist/default/debug\VXP150N_220614.X.debug.cmf -z -Q16F1947 \
  -oC:\Users\pc\AppData\Local\Temp\s16qk.2 \
  -Mdist/default/debug/VXP150N_220614.X.debug.map -E1 -ver=XC8 \
  -ASTACK=020B2h-023efh -pstack=STACK -ACODE=00h-07FFhx8 \
  -ASTRCODE=00h-03FFFh -ASTRING=00h-0FFhx64 -ACONST=00h-0FFhx64 \
  -AENTRY=00h-0FFhx64 -ACOMMON=070h-07Fh -ABANK0=020h-06Fh \
  -ABANK1=0A0h-0EFh -ABANK2=0120h-016Fh -ABANK3=01A0h-01EFh \
  -ABANK4=0220h-026Fh -ABANK5=02A0h-02EFh -ABANK6=0320h-036Fh \
  -ABANK7=03A0h-03EFh -ABANK8=0420h-046Fh -ABANK9=04A0h-04EFh \
  -ABANK10=0520h-056Fh -ABANK11=05A0h-05EFh -ABANK12=0620h-064Fh \
  -ABIGRAM=02000h-023EFh \
  -ARAM=020h-06Fh,0A0h-0EFh,0120h-016Fh,01A0h-01EFh,0220h-026Fh,02A0h-02EFh,0320h-036Fh,03A0h-03EFh,0420h-046Fh,04A0h-04EFh,0520h-056Fh,05A0h-05EFh,0620h-064Fh \
  -AABS1=020h-07Fh,0A0h-0EFh,0120h-016Fh,01A0h-01EFh,0220h-026Fh,02A0h-02EFh,0320h-036Fh,03A0h-03EFh,0420h-046Fh,04A0h-04EFh,0520h-056Fh,05A0h-05EFh,0620h-064Fh \
  -ASFR0=00h-01Fh -ASFR1=080h-09Fh -ASFR2=0100h-011Fh -ASFR3=0180h-019Fh \
  -ASFR4=0200h-021Fh -ASFR5=0280h-029Fh -ASFR6=0300h-031Fh \
  -ASFR7=0380h-039Fh -ASFR8=0400h-041Fh -ASFR9=0480h-049Fh \
  -ASFR10=0500h-051Fh -ASFR11=0580h-059Fh -ASFR12=0600h-061Fh \
  -ASFR13=0680h-06EFh -ASFR14=0700h-076Fh -ASFR15=0780h-07EFh \
  -ASFR16=0800h-086Fh -ASFR17=0880h-08EFh -ASFR18=0900h-096Fh \
  -ASFR19=0980h-09EFh -ASFR20=0A00h-0A6Fh -ASFR21=0A80h-0AEFh \
  -ASFR22=0B00h-0B6Fh -ASFR23=0B80h-0BEFh -ASFR24=0C00h-0C6Fh \
  -ASFR25=0C80h-0CEFh -ASFR26=0D00h-0D6Fh -ASFR27=0D80h-0DEFh \
  -ASFR28=0E00h-0E6Fh -ASFR29=0E80h-0EEFh -ASFR30=0F00h-0F6Fh \
  -ASFR31=0F80h-0FEFh -preset_vec=00h,intentry=04h,init,end_init \
  -ppowerup=CODE -pcinit=CODE -pfunctab=CODE -ACONFIG=08007h-08008h \
  -pconfig=CONFIG -DCONFIG=2 -AIDLOC=08000h-08003h -pidloc=IDLOC -DIDLOC=2 \
  -AEEDATA=00h-0FFh/0F000h -peeprom_data=EEDATA -DEEDATA=2 -DCODE=2 \
  -DSTRCODE=2 -DSTRING=2 -DCONST=2 -DENTRY=2 -k \
  C:\Users\pc\AppData\Local\Temp\s16qk.obj \
  dist/default/debug\VXP150N_220614.X.debug.obj 

Object code version is 3.11

Machine type is 16F1947



                Name                               Link     Load   Length Selector   Space Scale
C:\Users\pc\AppData\Local\Temp\s16qk.obj
                end_init                             24       24        2        8       0
                reset_vec                             0        0        3        0       0
                config                             8007     8007        2    1000E       0
dist/default/debug\VXP150N_220614.X.debug.obj
                cinit                                26       26       13        8       0
                intentry                              4        4       20        8       0
                text64                              D61      D61       7B     1AC2       0
                text62                              E5D      E5D       82     1CBA       0
                text61                              8FF      8FF       1C     11FE       0
                text60                              B45      B45       3D     168A       0
                text59                              B82      B82       3D     1704       0
                text58                              9C0      9C0       29     1380       0
                text57                              80C      80C        A     1018       0
                text56                              8E6      8E6       19     11CC       0
                text55                              BBF      BBF       40     177E       0
                text54                              C3F      C3F       42     187E       0
                text53                             17F7     17F7        9     2FEE       0
                text52                             17B9     17B9        5     2F72       0
                text51                             17BE     17BE        5     2F7C       0
                text50                              939      939       1F     1272       0
                text49                              820      820        B     1040       0
                text48                              816      816        A     102C       0
                text47                              872      872       11     10E4       0
                text46                              BFF      BFF       40     17FE       0
                text45                              C81      C81       42     1902       0
                text44                              803      803        9     1006       0
                text43                             17C3     17C3        5     2F86       0
                text42                             17C8     17C8        5     2F90       0
                text41                              AD0      AD0       39     15A0       0
                text40                             17CD     17CD        6     2F9A       0
                text39                             17E7     17E7        8     2FCE       0
                text38                              8A6      8A6       15     114C       0
                text37                              CC3      CC3       49     1986       0
                text36                              82B      82B        E     1056       0
                text35                             17EF     17EF        8     2FDE       0
                text34                              958      958       22     12B0       0
                text33                              413      413       D6        8       0
                text32                              B09      B09       3C     1612       0
                text31                              78E      78E       65        8       0
                text30                              16D      16D       F6        8       0
                text29                              91B      91B       1E     1236       0
                text28                              97A      97A       22     12F4       0
                text27                              64A      64A       A9        8       0
                text26                              4E9      4E9       B4        8       0
                text25                              EDF      EDF       87     1DBE       0
                text24                              F66      F66       9A     1ECC       0
                text23                             17D9     17D9        7     2FB2       0
                text22                              9E9      9E9       29     13D2       0
                text21                              A9B      A9B       35     1536       0
                text20                              A12      A12       2D     1424       0
                text19                              8BB      8BB       15     1176       0
                text18                               39       39      134        8       0
                text17                              59D      59D       AD        8       0
                text16                              894      894       12     1128       0
                text15                              A3F      A3F       2D     147E       0
                text14                              6F3      6F3       9B        8       0
                text13                              839      839        E     1072       0
                text12                              847      847        E     108E       0
                text11                              D0C      D0C       55     1A18       0
                text10                              99C      99C       24     1338       0
                text9                               DDC      DDC       81     1BB8       0
                text8                               A6C      A6C       2F     14D8       0
                text7                               883      883       11     1106       0
                text6                               855      855        E     10AA       0
                text5                               33B      33B       D8        8       0
                text4                               863      863        F     10C6       0
                text3                               263      263       D8        8       0
                text2                               7F3      7F3        C        8       0
                text1                               8D0      8D0       16     11A0       0
                maintext                           17E0     17E0        7     2FC0       0
                cstackBANK0                          20       20       50       20       1
                cstackCOMMON                         70       70        D       70       1
                cstackBANK1                          E5       E5        3       A0       1
                clrtext                            17D3     17D3        6     2FA6       0
                bssBANK2                            120      120       12      120       1
                bssBANK1                             A0       A0       45       A0       1

TOTAL           Name                               Link     Load   Length     Space
        CLASS   STACK          

        CLASS   CODE           
                end_init                             24       24        2         0
                cinit                                26       26       13         0
                intentry                              4        4       20         0
                reset_vec                             0        0        3         0
                text64                              D61      D61       7B         0
                text62                              E5D      E5D       82         0
                text61                              8FF      8FF       1C         0
                text60                              B45      B45       3D         0
                text59                              B82      B82       3D         0
                text58                              9C0      9C0       29         0
                text57                              80C      80C        A         0
                text56                              8E6      8E6       19         0
                text55                              BBF      BBF       40         0
                text54                              C3F      C3F       42         0
                text53                             17F7     17F7        9         0
                text52                             17B9     17B9        5         0
                text51                             17BE     17BE        5         0
                text50                              939      939       1F         0
                text49                              820      820        B         0
                text48                              816      816        A         0
                text47                              872      872       11         0
                text46                              BFF      BFF       40         0
                text45                              C81      C81       42         0
                text44                              803      803        9         0
                text43                             17C3     17C3        5         0
                text42                             17C8     17C8        5         0
                text41                              AD0      AD0       39         0
                text40                             17CD     17CD        6         0
                text39                             17E7     17E7        8         0
                text38                              8A6      8A6       15         0
                text37                              CC3      CC3       49         0
                text36                              82B      82B        E         0
                text35                             17EF     17EF        8         0
                text34                              958      958       22         0
                text33                              413      413       D6         0
                text32                              B09      B09       3C         0
                text31                              78E      78E       65         0
                text30                              16D      16D       F6         0
                text29                              91B      91B       1E         0
                text28                              97A      97A       22         0
                text27                              64A      64A       A9         0
                text26                              4E9      4E9       B4         0
                text25                              EDF      EDF       87         0
                text24                              F66      F66       9A         0
                text23                             17D9     17D9        7         0
                text22                              9E9      9E9       29         0
                text21                              A9B      A9B       35         0
                text20                              A12      A12       2D         0
                text19                              8BB      8BB       15         0
                text18                               39       39      134         0
                text17                              59D      59D       AD         0
                text16                              894      894       12         0
                text15                              A3F      A3F       2D         0
                text14                              6F3      6F3       9B         0
                text13                              839      839        E         0
                text12                              847      847        E         0
                text11                              D0C      D0C       55         0
                text10                              99C      99C       24         0
                text9                               DDC      DDC       81         0
                text8                               A6C      A6C       2F         0
                text7                               883      883       11         0
                text6                               855      855        E         0
                text5                               33B      33B       D8         0
                text4                               863      863        F         0
                text3                               263      263       D8         0
                text2                               7F3      7F3        C         0
                text1                               8D0      8D0       16         0
                maintext                           17E0     17E0        7         0
                clrtext                            17D3     17D3        6         0

        CLASS   STRCODE        

        CLASS   STRING         

        CLASS   CONST          

        CLASS   ENTRY          

        CLASS   COMMON         
                cstackCOMMON                         70       70        D         1

        CLASS   BANK0          
                cstackBANK0                          20       20       50         1

        CLASS   BANK1          
                cstackBANK1                          E5       E5        3         1
                bssBANK1                             A0       A0       45         1

        CLASS   BANK2          
                bssBANK2                            120      120       12         1

        CLASS   BANK3          

        CLASS   BANK4          

        CLASS   BANK5          

        CLASS   BANK6          

        CLASS   BANK7          

        CLASS   BANK8          

        CLASS   BANK9          

        CLASS   BANK10         

        CLASS   BANK11         

        CLASS   BANK12         

        CLASS   BIGRAM         

        CLASS   RAM            

        CLASS   ABS1           
                abs_s1                               7E       7E        2         1

        CLASS   SFR0           

        CLASS   SFR1           

        CLASS   SFR2           

        CLASS   SFR3           

        CLASS   SFR4           

        CLASS   SFR5           

        CLASS   SFR6           

        CLASS   SFR7           

        CLASS   SFR8           

        CLASS   SFR9           

        CLASS   SFR10          

        CLASS   SFR11          

        CLASS   SFR12          

        CLASS   SFR13          

        CLASS   SFR14          

        CLASS   SFR15          

        CLASS   SFR16          

        CLASS   SFR17          

        CLASS   SFR18          

        CLASS   SFR19          

        CLASS   SFR20          

        CLASS   SFR21          

        CLASS   SFR22          

        CLASS   SFR23          

        CLASS   SFR24          

        CLASS   SFR25          

        CLASS   SFR26          

        CLASS   SFR27          

        CLASS   SFR28          

        CLASS   SFR29          

        CLASS   SFR30          

        CLASS   SFR31          

        CLASS   CONFIG         
                config                             8007     8007        2         0

        CLASS   IDLOC          

        CLASS   EEDATA         

        CLASS   BANK31         

        CLASS   BANK30         

        CLASS   BANK29         

        CLASS   BANK28         

        CLASS   BANK27         

        CLASS   BANK26         

        CLASS   BANK25         

        CLASS   BANK24         

        CLASS   BANK23         

        CLASS   BANK22         

        CLASS   BANK21         

        CLASS   BANK20         

        CLASS   BANK19         

        CLASS   BANK18         

        CLASS   BANK17         

        CLASS   BANK16         

        CLASS   BANK15         

        CLASS   BANK14         

        CLASS   BANK13         



SEGMENTS        Name                           Load    Length   Top    Selector   Space  Class     Delta

                reset_vec                      000000  000003  000003         0       0  CODE        2
                intentry                       000004  0007FB  0007FF         8       0  CODE        2
                cstackBANK0                    000020  000050  000070        20       1  BANK0       1
                cstackCOMMON                   000070  00000D  00007D        70       1  COMMON      1
                bssBANK1                       0000A0  000048  0000E8        A0       1  BANK1       1
                bssBANK2                       000120  000012  000132       120       1  BANK2       1
                text44                         000803  000009  00080C      1006       0  CODE        2
                text57                         00080C  00000A  000816      1018       0  CODE        2
                text48                         000816  00000A  000820      102C       0  CODE        2
                text49                         000820  00000B  00082B      1040       0  CODE        2
                text36                         00082B  00000E  000839      1056       0  CODE        2
                text13                         000839  00000E  000847      1072       0  CODE        2
                text12                         000847  00000E  000855      108E       0  CODE        2
                text6                          000855  00000E  000863      10AA       0  CODE        2
                text4                          000863  00000F  000872      10C6       0  CODE        2
                text47                         000872  000011  000883      10E4       0  CODE        2
                text7                          000883  000011  000894      1106       0  CODE        2
                text16                         000894  000012  0008A6      1128       0  CODE        2
                text38                         0008A6  000015  0008BB      114C       0  CODE        2
                text19                         0008BB  000015  0008D0      1176       0  CODE        2
                text1                          0008D0  000016  0008E6      11A0       0  CODE        2
                text56                         0008E6  000019  0008FF      11CC       0  CODE        2
                text61                         0008FF  00001C  00091B      11FE       0  CODE        2
                text29                         00091B  00001E  000939      1236       0  CODE        2
                text50                         000939  00001F  000958      1272       0  CODE        2
                text34                         000958  000022  00097A      12B0       0  CODE        2
                text28                         00097A  000022  00099C      12F4       0  CODE        2
                text10                         00099C  000024  0009C0      1338       0  CODE        2
                text58                         0009C0  000029  0009E9      1380       0  CODE        2
                text22                         0009E9  000029  000A12      13D2       0  CODE        2
                text20                         000A12  00002D  000A3F      1424       0  CODE        2
                text15                         000A3F  00002D  000A6C      147E       0  CODE        2
                text8                          000A6C  00002F  000A9B      14D8       0  CODE        2
                text21                         000A9B  000035  000AD0      1536       0  CODE        2
                text41                         000AD0  000039  000B09      15A0       0  CODE        2
                text32                         000B09  00003C  000B45      1612       0  CODE        2
                text60                         000B45  00003D  000B82      168A       0  CODE        2
                text59                         000B82  00003D  000BBF      1704       0  CODE        2
                text55                         000BBF  000040  000BFF      177E       0  CODE        2
                text46                         000BFF  000040  000C3F      17FE       0  CODE        2
                text54                         000C3F  000042  000C81      187E       0  CODE        2
                text45                         000C81  000042  000CC3      1902       0  CODE        2
                text37                         000CC3  000049  000D0C      1986       0  CODE        2
                text11                         000D0C  000055  000D61      1A18       0  CODE        2
                text64                         000D61  00007B  000DDC      1AC2       0  CODE        2
                text9                          000DDC  000081  000E5D      1BB8       0  CODE        2
                text62                         000E5D  000082  000EDF      1CBA       0  CODE        2
                text25                         000EDF  000087  000F66      1DBE       0  CODE        2
                text24                         000F66  00009A  001000      1ECC       0  CODE        2
                text52                         0017B9  000005  0017BE      2F72       0  CODE        2
                text51                         0017BE  000005  0017C3      2F7C       0  CODE        2
                text43                         0017C3  000005  0017C8      2F86       0  CODE        2
                text42                         0017C8  000005  0017CD      2F90       0  CODE        2
                text40                         0017CD  000006  0017D3      2F9A       0  CODE        2
                clrtext                        0017D3  000006  0017D9      2FA6       0  CODE        2
                text23                         0017D9  000007  0017E0      2FB2       0  CODE        2
                maintext                       0017E0  000007  0017E7      2FC0       0  CODE        2
                text39                         0017E7  000008  0017EF      2FCE       0  CODE        2
                text35                         0017EF  000008  0017F7      2FDE       0  CODE        2
                text53                         0017F7  000009  001800      2FEE       0  CODE        2
                config                         008007  000002  008009     1000E       0  CONFIG      2


UNUSED ADDRESS RANGES

        Name                Unused          Largest block    Delta
        BANK1            000E8-000EF               8           1
        BANK10           00520-0056F              50           1
        BANK11           005A0-005EF              50           1
        BANK12           00620-0064F              30           1
        BANK2            00132-0016F              3E           1
        BANK3            001A0-001EF              50           1
        BANK4            00220-0026F              50           1
        BANK5            002A0-002EF              50           1
        BANK6            00320-0036F              50           1
        BANK7            003A0-003EF              50           1
        BANK8            00420-0046F              50           1
        BANK9            004A0-004EF              50           1
        BIGRAM           02000-023EF             3F0           1
        CODE             00003-00003               1           2
                         007FF-00802               1
                         01000-017B8             7B9
                         01800-03FFF             800
        COMMON           0007D-0007D               1           1
        CONST            00003-00003               1           2
                         007FF-00802               1
                         01000-017B8             100
                         01800-03FFF             100
        EEDATA           0F000-0F0FF             100           2
        ENTRY            00003-00003               1           2
                         007FF-00802               1
                         01000-017B8             100
                         01800-03FFF             100
        IDLOC            08000-08003               4           2
        RAM              000E8-000EF               8           1
                         00132-0016F              3E
                         001A0-001EF              50
                         00220-0026F              50
                         002A0-002EF              50
                         00320-0036F              50
                         003A0-003EF              50
                         00420-0046F              50
                         004A0-004EF              50
                         00520-0056F              50
                         005A0-005EF              50
                         00620-0064F              30
        SFR0             00000-0001F              20           1
        SFR1             00080-0009F              20           1
        SFR10            00500-0051F              20           1
        SFR11            00580-0059F              20           1
        SFR12            00600-0061F              20           1
        SFR13            00680-006EF              70           1
        SFR14            00700-0076F              70           1
        SFR15            00780-007EF              70           1
        SFR16            00800-0086F              70           1
        SFR17            00880-008EF              70           1
        SFR18            00900-0096F              70           1
        SFR19            00980-009EF              70           1
        SFR2             00100-0011F              20           1
        SFR20            00A00-00A6F              70           1
        SFR21            00A80-00AEF              70           1
        SFR22            00B00-00B6F              70           1
        SFR23            00B80-00BEF              70           1
        SFR24            00C00-00C6F              70           1
        SFR25            00C80-00CEF              70           1
        SFR26            00D00-00D6F              70           1
        SFR27            00D80-00DEF              70           1
        SFR28            00E00-00E6F              70           1
        SFR29            00E80-00EEF              70           1
        SFR3             00180-0019F              20           1
        SFR30            00F00-00F6F              70           1
        SFR31            00F80-00FEF              70           1
        SFR4             00200-0021F              20           1
        SFR5             00280-0029F              20           1
        SFR6             00300-0031F              20           1
        SFR7             00380-0039F              20           1
        SFR8             00400-0041F              20           1
        SFR9             00480-0049F              20           1
        STACK            020B2-023EF             33E           1
        STRCODE          00003-00003               1           2
                         007FF-00802               4
                         01000-017B8             7B9
                         01800-03FFF            2800
        STRING           00003-00003               1           2
                         007FF-00802               1
                         01000-017B8             100
                         01800-03FFF             100

                                  Symbol Table

?___aldiv                    cstackBANK0  00026
?___awtoft                   cstackBANK0  00028
?___ftadd                    cstackBANK0  00028
?___ftdiv                    cstackBANK0  0002C
?___ftmul                    cstackBANK0  0003C
?___ftpack                   cstackBANK0  00020
?___ftsub                    cstackBANK0  00035
?___fttol                    cstackBANK0  0004C
?___lwdiv                    cstackBANK0  00020
?___lwmod                    cstackBANK0  00028
?___lwtoft                   cstackBANK0  00028
?___wmul                     cstackBANK0  00020
?_adcRead                    cstackBANK0  00020
?_adcTodac                   cstackBANK0  0005A
?_get_millis                 cstackBANK0  00020
?_millis                     cstackBANK0  00020
I2CAck@now                   cstackBANK0  00030
I2CAck@prev                  cstackBANK0  00034
I2CAck_2@now                 cstackBANK0  00030
I2CAck_2@prev                cstackBANK0  00034
I2CInit@freq                 cstackBANK0  00035
I2CInit_2@freq               cstackBANK0  00035
I2CSend@dat                  cstackBANK0  00038
I2CSend_2@dat                cstackBANK0  00038
I2CWait@now                  cstackBANK0  00030
I2CWait@prev                 cstackBANK0  00034
I2CWait_2@now                cstackBANK0  00030
I2CWait_2@prev               cstackBANK0  00034
I2C_AS1115_Write@cmd         cstackBANK0  0003A
I2C_AS1115_Write@data        cstackBANK0  00039
I2C_DAC_Write@address        cstackBANK0  0003C
I2C_DAC_Write@data           cstackBANK0  00039
_ADCON0bits                  (abs)        0009D
_ADCON1bits                  (abs)        0009E
_ADRESH                      (abs)        0009C
_ADRESL                      (abs)        0009B
_ANSELA                      (abs)        0018C
_ANSELE                      (abs)        00190
_ANSELF                      (abs)        0040C
_ANSELG                      (abs)        0040D
_APFCONbits                  (abs)        0011D
_CCP2CONbits                 (abs)        0029A
_CCP3CONbits                 (abs)        00313
_CCPR2L                      (abs)        00298
_CCPR3L                      (abs)        00311
_CCPTMRS0bits                (abs)        0029E
_GIE                         (abs)        0005F
_I2CAck                      text55       00BBF
_I2CAck_2                    text46       00BFF
_I2CInit                     text60       00B45
_I2CInit_2                   text59       00B82
_I2CSend                     text53       017F7
_I2CSend_2                   text44       00803
_I2CStart                    text52       017B9
_I2CStart_2                  text43       017C3
_I2CStop                     text51       017BE
_I2CStop_2                   text42       017C8
_I2CWait                     text54       00C3F
_I2CWait_2                   text45       00C81
_I2C_AS1115_Write            text50       00939
_I2C_DAC_Write               text41       00AD0
_INTCONbits                  (abs)        0000B
_LATA                        (abs)        0010C
_LATB                        (abs)        0010D
_LATBbits                    (abs)        0010D
_LATC                        (abs)        0010E
_LATCbits                    (abs)        0010E
_LATD                        (abs)        0010F
_LATDbits                    (abs)        0010F
_LATE                        (abs)        00110
_LATEbits                    (abs)        00110
_LATF                        (abs)        0038C
_LATG                        (abs)        0038D
_OPTION_REGbits              (abs)        00095
_OSCCONbits                  (abs)        00099
_PIR1bits                    (abs)        00011
_PIR4bits                    (abs)        00014
_PORTA                       (abs)        0000C
_PORTB                       (abs)        0000D
_PORTC                       (abs)        0000E
_PORTD                       (abs)        0000F
_PORTE                       (abs)        00010
_PORTF                       (abs)        0028C
_PORTFbits                   (abs)        0028C
_PORTG                       (abs)        0028D
_PR2                         (abs)        0001B
_PR4                         (abs)        00416
_SSP1ADD                     (abs)        00212
_SSP1BUF                     (abs)        00211
_SSP1CON1bits                (abs)        00215
_SSP1CON2                    (abs)        00216
_SSP1CON2bits                (abs)        00216
_SSP1STAT                    (abs)        00214
_SSP1STATbits                (abs)        00214
_SSP2ADD                     (abs)        0021A
_SSP2BUF                     (abs)        00219
_SSP2CON1bits                (abs)        0021D
_SSP2CON2                    (abs)        0021E
_SSP2CON2bits                (abs)        0021E
_SSP2STAT                    (abs)        0021C
_SSP2STATbits                (abs)        0021C
_T2CONbits                   (abs)        0001C
_T4CONbits                   (abs)        00417
_TMR0                        (abs)        00015
_TRISA                       (abs)        0008C
_TRISB                       (abs)        0008D
_TRISC                       (abs)        0008E
_TRISD                       (abs)        0008F
_TRISE                       (abs)        00090
_TRISF                       (abs)        0030C
_TRISG                       (abs)        0030D
_Timer                       bssBANK1     000B5
_WDTCONbits                  (abs)        00097
_WPUB                        (abs)        0020D
_WPUG                        (abs)        0048D
__CFG_BOREN$ON               (abs)        00000
__CFG_CLKOUTEN$OFF           (abs)        00000
__CFG_CP$OFF                 (abs)        00000
__CFG_CPD$OFF                (abs)        00000
__CFG_FCMEN$OFF              (abs)        00000
__CFG_FOSC$INTOSC            (abs)        00000
__CFG_IESO$OFF               (abs)        00000
__CFG_MCLRE$OFF              (abs)        00000
__CFG_PLLEN$ON               (abs)        00000
__CFG_PWRTE$OFF              (abs)        00000
__CFG_WDTE$OFF               (abs)        00000
__Habs1                      abs1         00000
__Hbank0                     bank0        00000
__Hbank1                     bank1        00000
__Hbank10                    bank10       00000
__Hbank11                    bank11       00000
__Hbank12                    bank12       00000
__Hbank13                    bank13       00000
__Hbank14                    bank14       00000
__Hbank15                    bank15       00000
__Hbank16                    bank16       00000
__Hbank17                    bank17       00000
__Hbank18                    bank18       00000
__Hbank19                    bank19       00000
__Hbank2                     bank2        00000
__Hbank20                    bank20       00000
__Hbank21                    bank21       00000
__Hbank22                    bank22       00000
__Hbank23                    bank23       00000
__Hbank24                    bank24       00000
__Hbank25                    bank25       00000
__Hbank26                    bank26       00000
__Hbank27                    bank27       00000
__Hbank28                    bank28       00000
__Hbank29                    bank29       00000
__Hbank3                     bank3        00000
__Hbank30                    bank30       00000
__Hbank31                    bank31       00000
__Hbank4                     bank4        00000
__Hbank5                     bank5        00000
__Hbank6                     bank6        00000
__Hbank7                     bank7        00000
__Hbank8                     bank8        00000
__Hbank9                     bank9        00000
__Hbigram                    bigram       00000
__HbssBANK1                  bssBANK1     00000
__HbssBANK2                  bssBANK2     00000
__Hcinit                     cinit        00039
__Hclrtext                   clrtext      00000
__Hcode                      code         00000
__Hcommon                    common       00000
__Hconfig                    config       08009
__HcstackBANK0               cstackBANK0  00000
__HcstackBANK1               cstackBANK1  00000
__HcstackCOMMON              cstackCOMMON 00000
__Heeprom_data               eeprom_data  00000
__Hend_init                  end_init     00026
__Hfunctab                   functab      00000
__Hidloc                     idloc        00000
__Hinit                      init         00024
__Hintentry                  intentry     00024
__Hmaintext                  maintext     00000
__Hpowerup                   powerup      00000
__Hram                       ram          00000
__Hreset_vec                 reset_vec    00003
__Hsfr0                      sfr0         00000
__Hsfr1                      sfr1         00000
__Hsfr10                     sfr10        00000
__Hsfr11                     sfr11        00000
__Hsfr12                     sfr12        00000
__Hsfr13                     sfr13        00000
__Hsfr14                     sfr14        00000
__Hsfr15                     sfr15        00000
__Hsfr16                     sfr16        00000
__Hsfr17                     sfr17        00000
__Hsfr18                     sfr18        00000
__Hsfr19                     sfr19        00000
__Hsfr2                      sfr2         00000
__Hsfr20                     sfr20        00000
__Hsfr21                     sfr21        00000
__Hsfr22                     sfr22        00000
__Hsfr23                     sfr23        00000
__Hsfr24                     sfr24        00000
__Hsfr25                     sfr25        00000
__Hsfr26                     sfr26        00000
__Hsfr27                     sfr27        00000
__Hsfr28                     sfr28        00000
__Hsfr29                     sfr29        00000
__Hsfr3                      sfr3         00000
__Hsfr30                     sfr30        00000
__Hsfr31                     sfr31        00000
__Hsfr4                      sfr4         00000
__Hsfr5                      sfr5         00000
__Hsfr6                      sfr6         00000
__Hsfr7                      sfr7         00000
__Hsfr8                      sfr8         00000
__Hsfr9                      sfr9         00000
__Hspace_0                   (abs)        08009
__Hspace_1                   (abs)        00132
__Hspace_2                   (abs)        00000
__Hspace_3                   (abs)        00000
__Hstack                     stack        00000
__Hstrings                   strings      00000
__Htext                      text         00000
__Labs1                      abs1         00000
__Lbank0                     bank0        00000
__Lbank1                     bank1        00000
__Lbank10                    bank10       00000
__Lbank11                    bank11       00000
__Lbank12                    bank12       00000
__Lbank13                    bank13       00000
__Lbank14                    bank14       00000
__Lbank15                    bank15       00000
__Lbank16                    bank16       00000
__Lbank17                    bank17       00000
__Lbank18                    bank18       00000
__Lbank19                    bank19       00000
__Lbank2                     bank2        00000
__Lbank20                    bank20       00000
__Lbank21                    bank21       00000
__Lbank22                    bank22       00000
__Lbank23                    bank23       00000
__Lbank24                    bank24       00000
__Lbank25                    bank25       00000
__Lbank26                    bank26       00000
__Lbank27                    bank27       00000
__Lbank28                    bank28       00000
__Lbank29                    bank29       00000
__Lbank3                     bank3        00000
__Lbank30                    bank30       00000
__Lbank31                    bank31       00000
__Lbank4                     bank4        00000
__Lbank5                     bank5        00000
__Lbank6                     bank6        00000
__Lbank7                     bank7        00000
__Lbank8                     bank8        00000
__Lbank9                     bank9        00000
__Lbigram                    bigram       00000
__LbssBANK1                  bssBANK1     00000
__LbssBANK2                  bssBANK2     00000
__Lcinit                     cinit        00026
__Lclrtext                   clrtext      00000
__Lcode                      code         00000
__Lcommon                    common       00000
__Lconfig                    config       08007
__LcstackBANK0               cstackBANK0  00000
__LcstackBANK1               cstackBANK1  00000
__LcstackCOMMON              cstackCOMMON 00000
__Leeprom_data               eeprom_data  00000
__Lend_init                  end_init     00024
__Lfunctab                   functab      00000
__Lidloc                     idloc        00000
__Linit                      init         00024
__Lintentry                  intentry     00004
__Lmaintext                  maintext     00000
__Lpowerup                   powerup      00000
__Lram                       ram          00000
__Lreset_vec                 reset_vec    00000
__Lsfr0                      sfr0         00000
__Lsfr1                      sfr1         00000
__Lsfr10                     sfr10        00000
__Lsfr11                     sfr11        00000
__Lsfr12                     sfr12        00000
__Lsfr13                     sfr13        00000
__Lsfr14                     sfr14        00000
__Lsfr15                     sfr15        00000
__Lsfr16                     sfr16        00000
__Lsfr17                     sfr17        00000
__Lsfr18                     sfr18        00000
__Lsfr19                     sfr19        00000
__Lsfr2                      sfr2         00000
__Lsfr20                     sfr20        00000
__Lsfr21                     sfr21        00000
__Lsfr22                     sfr22        00000
__Lsfr23                     sfr23        00000
__Lsfr24                     sfr24        00000
__Lsfr25                     sfr25        00000
__Lsfr26                     sfr26        00000
__Lsfr27                     sfr27        00000
__Lsfr28                     sfr28        00000
__Lsfr29                     sfr29        00000
__Lsfr3                      sfr3         00000
__Lsfr30                     sfr30        00000
__Lsfr31                     sfr31        00000
__Lsfr4                      sfr4         00000
__Lsfr5                      sfr5         00000
__Lsfr6                      sfr6         00000
__Lsfr7                      sfr7         00000
__Lsfr8                      sfr8         00000
__Lsfr9                      sfr9         00000
__Lspace_0                   (abs)        00000
__Lspace_1                   (abs)        00000
__Lspace_2                   (abs)        00000
__Lspace_3                   (abs)        00000
__Lstack                     stack        00000
__Lstrings                   strings      00000
__Ltext                      text         00000
__S0                         (abs)        08009
__S1                         (abs)        00132
__S2                         (abs)        00000
__S3                         (abs)        00000
___aldiv                     text62       00E5D
___aldiv@counter             cstackBANK0  0002F
___aldiv@dividend            cstackBANK0  0002A
___aldiv@divisor             cstackBANK0  00026
___aldiv@quotient            cstackBANK0  00031
___aldiv@sign                cstackBANK0  00030
___awtoft                    text28       0097A
___awtoft@c                  cstackBANK0  00028
___awtoft@sign               cstackBANK0  0002D
___bmul                      text16       00894
___bmul@multiplicand         cstackBANK0  00020
___bmul@multiplier           cstackBANK0  00023
___bmul@product              cstackBANK0  00022
___ftadd                     text30       0016D
___ftadd@exp1                cstackBANK0  00034
___ftadd@exp2                cstackBANK0  00033
___ftadd@f1                  cstackBANK0  00028
___ftadd@f2                  cstackBANK0  0002B
___ftadd@sign                cstackBANK0  00032
___ftdiv                     text27       0064A
___ftdiv@cntr                cstackBANK0  00036
___ftdiv@exp                 cstackBANK0  0003A
___ftdiv@f1                  cstackBANK0  0002F
___ftdiv@f2                  cstackBANK0  0002C
___ftdiv@f3                  cstackBANK0  00037
___ftdiv@sign                cstackBANK0  0003B
___ftge                      text32       00B09
___ftge@ff1                  cstackBANK0  00020
___ftge@ff2                  cstackBANK0  00023
___ftmul                     text26       004E9
___ftmul@cntr                cstackBANK0  0004A
___ftmul@exp                 cstackBANK0  00046
___ftmul@f1                  cstackBANK0  0003C
___ftmul@f2                  cstackBANK0  0003F
___ftmul@f3_as_product       cstackBANK0  00047
___ftmul@sign                cstackBANK0  0004B
___ftpack                    text31       0078E
___ftpack@arg                cstackBANK0  00020
___ftpack@exp                cstackBANK0  00023
___ftpack@sign               cstackBANK0  00024
___ftsub                     text29       0091B
___ftsub@f1                  cstackBANK0  00038
___ftsub@f2                  cstackBANK0  00035
___fttol                     text25       00EDF
___fttol@exp1                cstackBANK0  00059
___fttol@f1                  cstackBANK0  0004C
___fttol@lval                cstackBANK0  00055
___fttol@sign1               cstackBANK0  00054
___int_sp                    stack        00000
___latbits                   (abs)        00003
___lwdiv                     text21       00A9B
___lwdiv@counter             cstackBANK0  00027
___lwdiv@dividend            cstackBANK0  00022
___lwdiv@divisor             cstackBANK0  00020
___lwdiv@quotient            cstackBANK0  00025
___lwmod                     text20       00A12
___lwmod@counter             cstackBANK0  0002D
___lwmod@dividend            cstackBANK0  0002A
___lwmod@divisor             cstackBANK0  00028
___lwtoft                    text19       008BB
___lwtoft@c                  cstackBANK0  00028
___sp                        stack        00000
___wmul                      text61       008FF
___wmul@multiplicand         cstackBANK0  00022
___wmul@multiplier           cstackBANK0  00020
___wmul@product              cstackBANK0  00024
__end_of_I2CAck              text55       00BFF
__end_of_I2CAck_2            text46       00C3F
__end_of_I2CInit             text60       00B82
__end_of_I2CInit_2           text59       00BBF
__end_of_I2CSend             text53       01800
__end_of_I2CSend_2           text44       0080C
__end_of_I2CStart            text52       017BE
__end_of_I2CStart_2          text43       017C8
__end_of_I2CStop             text51       017C3
__end_of_I2CStop_2           text42       017CD
__end_of_I2CWait             text54       00C81
__end_of_I2CWait_2           text45       00CC3
__end_of_I2C_AS1115_Write    text50       00958
__end_of_I2C_DAC_Write       text41       00B09
__end_of___aldiv             text62       00EDF
__end_of___awtoft            text28       0099C
__end_of___bmul              text16       008A6
__end_of___ftadd             text30       00263
__end_of___ftdiv             text27       006F3
__end_of___ftge              text32       00B45
__end_of___ftmul             text26       0059D
__end_of___ftpack            text31       007F3
__end_of___ftsub             text29       00939
__end_of___fttol             text25       00F66
__end_of___lwdiv             text21       00AD0
__end_of___lwmod             text20       00A3F
__end_of___lwtoft            text19       008D0
__end_of___wmul              text61       0091B
__end_of__initialization     cinit        00035
__end_of_adcInit             text49       0082B
__end_of_adcRead             text22       00A12
__end_of_adcTodac            text15       00A6C
__end_of_apInit              text33       004E9
__end_of_apMain              text1        008E6
__end_of_buttons_init        text48       00820
__end_of_buttons_setFuncs    text47       00883
__end_of_disp_kv             text18       0016D
__end_of_disp_ma_result      text17       0064A
__end_of_event_anodeCurrent  text3        0033B
__end_of_event_btn_Expose    text11       00D61
__end_of_event_btn_Stop      text10       009C0
__end_of_event_display       text5        00413
__end_of_event_expose        text6        00863
__end_of_event_rst           text4        00872
__end_of_event_timer_Button  text7        00894
__end_of_get_millis          text58       009E9
__end_of_initPort            text37       00D0C
__end_of_initTimer           text36       00839
__end_of_init_millis         text57       00816
__end_of_isr                 intentry     00024
__end_of_main                maintext     017E7
__end_of_millis              text56       008FF
__end_of_processButton       text9        00E5D
__end_of_processButtons      text8        00A9B
__end_of_pwmInit_ccp2        text24       01000
__end_of_pwmInit_ccp3        text14       0078E
__end_of_pwmStart_ccp2       text13       00847
__end_of_pwmStart_ccp3       text12       00855
__end_of_pwmStop_ccp2        text40       017D3
__end_of_pwmStop_ccp3        text39       017EF
__end_of_timerEventStart     text35       017F7
__end_of_timerGetTick        text23       017E0
__end_of_timerInit           text34       0097A
__end_of_timerInterruptProc  text64       00DDC
__end_of_timerProc           text2        007FF
__end_of_timerTickClear      text38       008BB
__initialization             cinit        00026
__pbssBANK1                  bssBANK1     000A0
__pbssBANK2                  bssBANK2     00120
__pcstackBANK0               cstackBANK0  00020
__pcstackBANK1               cstackBANK1  000E5
__pcstackCOMMON              cstackCOMMON 00070
__pintentry                  intentry     00004
__pmaintext                  maintext     017E0
__ptext1                     text1        008D0
__ptext10                    text10       0099C
__ptext11                    text11       00D0C
__ptext12                    text12       00847
__ptext13                    text13       00839
__ptext14                    text14       006F3
__ptext15                    text15       00A3F
__ptext16                    text16       00894
__ptext17                    text17       0059D
__ptext18                    text18       00039
__ptext19                    text19       008BB
__ptext2                     text2        007F3
__ptext20                    text20       00A12
__ptext21                    text21       00A9B
__ptext22                    text22       009E9
__ptext23                    text23       017D9
__ptext24                    text24       00F66
__ptext25                    text25       00EDF
__ptext26                    text26       004E9
__ptext27                    text27       0064A
__ptext28                    text28       0097A
__ptext29                    text29       0091B
__ptext3                     text3        00263
__ptext30                    text30       0016D
__ptext31                    text31       0078E
__ptext32                    text32       00B09
__ptext33                    text33       00413
__ptext34                    text34       00958
__ptext35                    text35       017EF
__ptext36                    text36       0082B
__ptext37                    text37       00CC3
__ptext38                    text38       008A6
__ptext39                    text39       017E7
__ptext4                     text4        00863
__ptext40                    text40       017CD
__ptext41                    text41       00AD0
__ptext42                    text42       017C8
__ptext43                    text43       017C3
__ptext44                    text44       00803
__ptext45                    text45       00C81
__ptext46                    text46       00BFF
__ptext47                    text47       00872
__ptext48                    text48       00816
__ptext49                    text49       00820
__ptext5                     text5        0033B
__ptext50                    text50       00939
__ptext51                    text51       017BE
__ptext52                    text52       017B9
__ptext53                    text53       017F7
__ptext54                    text54       00C3F
__ptext55                    text55       00BBF
__ptext56                    text56       008E6
__ptext57                    text57       0080C
__ptext58                    text58       009C0
__ptext59                    text59       00B82
__ptext6                     text6        00855
__ptext60                    text60       00B45
__ptext61                    text61       008FF
__ptext62                    text62       00E5D
__ptext64                    text64       00D61
__ptext7                     text7        00883
__ptext8                     text8        00A6C
__ptext9                     text9        00DDC
__size_of_I2CAck             (abs)        00000
__size_of_I2CAck_2           (abs)        00000
__size_of_I2CInit            (abs)        00000
__size_of_I2CInit_2          (abs)        00000
__size_of_I2CSend            (abs)        00000
__size_of_I2CSend_2          (abs)        00000
__size_of_I2CStart           (abs)        00000
__size_of_I2CStart_2         (abs)        00000
__size_of_I2CStop            (abs)        00000
__size_of_I2CStop_2          (abs)        00000
__size_of_I2CWait            (abs)        00000
__size_of_I2CWait_2          (abs)        00000
__size_of_I2C_AS1115_Write   (abs)        00000
__size_of_I2C_DAC_Write      (abs)        00000
__size_of___aldiv            (abs)        00000
__size_of___awtoft           (abs)        00000
__size_of___bmul             (abs)        00000
__size_of___ftadd            (abs)        00000
__size_of___ftdiv            (abs)        00000
__size_of___ftge             (abs)        00000
__size_of___ftmul            (abs)        00000
__size_of___ftpack           (abs)        00000
__size_of___ftsub            (abs)        00000
__size_of___fttol            (abs)        00000
__size_of___lwdiv            (abs)        00000
__size_of___lwmod            (abs)        00000
__size_of___lwtoft           (abs)        00000
__size_of___wmul             (abs)        00000
__size_of_adcInit            (abs)        00000
__size_of_adcRead            (abs)        00000
__size_of_adcTodac           (abs)        00000
__size_of_apInit             (abs)        00000
__size_of_apMain             (abs)        00000
__size_of_buttons_init       (abs)        00000
__size_of_buttons_setFuncs   (abs)        00000
__size_of_disp_kv            (abs)        00000
__size_of_disp_ma_result     (abs)        00000
__size_of_event_anodeCurrent (abs)        00000
__size_of_event_btn_Expose   (abs)        00000
__size_of_event_btn_Stop     (abs)        00000
__size_of_event_display      (abs)        00000
__size_of_event_expose       (abs)        00000
__size_of_event_rst          (abs)        00000
__size_of_event_timer_Button (abs)        00000
__size_of_get_millis         (abs)        00000
__size_of_initPort           (abs)        00000
__size_of_initTimer          (abs)        00000
__size_of_init_millis        (abs)        00000
__size_of_isr                (abs)        00000
__size_of_main               (abs)        00000
__size_of_millis             (abs)        00000
__size_of_processButton      (abs)        00000
__size_of_processButtons     (abs)        00000
__size_of_pwmInit_ccp2       (abs)        00000
__size_of_pwmInit_ccp3       (abs)        00000
__size_of_pwmStart_ccp2      (abs)        00000
__size_of_pwmStart_ccp3      (abs)        00000
__size_of_pwmStop_ccp2       (abs)        00000
__size_of_pwmStop_ccp3       (abs)        00000
__size_of_timerEventStart    (abs)        00000
__size_of_timerGetTick       (abs)        00000
__size_of_timerInit          (abs)        00000
__size_of_timerInterruptProc (abs)        00000
__size_of_timerProc          (abs)        00000
__size_of_timerTickClear     (abs)        00000
_adcInit                     text49       00820
_adcRead                     text22       009E9
_adcTodac                    text15       00A3F
_apInit                      text33       00413
_apMain                      text1        008D0
_buttons                     bssBANK2     00120
_buttons_init                text48       00816
_buttons_setFuncs            text47       00872
_cmd                         bssBANK1     000A0
_disp_kv                     text18       00039
_disp_ma_result              text17       0059D
_event_anodeCurrent          text3        00263
_event_btn_Expose            text11       00D0C
_event_btn_Stop              text10       0099C
_event_display               text5        0033B
_event_expose                text6        00855
_event_rst                   text4        00863
_event_timer_Button          text7        00883
_get_millis                  text58       009C0
_initPort                    text37       00CC3
_initTimer                   text36       0082B
_init_millis                 text57       0080C
_isr                         intentry     00004
_main                        maintext     017E0
_millis                      text56       008E6
_processButton               text9        00DDC
_processButtons              text8        00A6C
_pwmInit_ccp2                text24       00F66
_pwmInit_ccp3                text14       006F3
_pwmStart_ccp2               text13       00839
_pwmStart_ccp3               text12       00847
_pwmStop_ccp2                text40       017CD
_pwmStop_ccp3                text39       017E7
_timer0_millis               bssBANK1     000B1
_timerEventStart             text35       017EF
_timerGetTick                text23       017D9
_timerInit                   text34       00958
_timerInterruptProc          text64       00D61
_timerProc                   text2        007F3
_timerTickClear              text38       008A6
adcRead@channel              cstackBANK0  00023
adcTodac@data                cstackBANK0  0005A
adcTodac@temp                cstackBANK0  0005C
apInit@D_temp                cstackBANK0  00042
btemp                        (abs)        0007E
buttons_setFuncs@btn1        cstackBANK0  00020
buttons_setFuncs@btn2        cstackBANK0  00022
clear_ram0                   clrtext      017D3
disp_kv@data                 cstackBANK0  0005A
disp_kv@temp                 cstackBANK0  0005D
disp_kv@temp2                cstackBANK0  00060
disp_ma_result@data          cstackBANK0  0005A
disp_ma_result@temp          cstackBANK0  0005D
disp_ma_result@temp2         cstackBANK0  00060
end_of_initialization        cinit        00035
event_btn_Expose@ret         cstackBANK0  00064
event_btn_Expose@temp        cstackBANK0  00065
event_btn_Stop@ret           cstackBANK0  0003E
event_btn_Stop@temp          cstackBANK0  0003F
get_millis@now               cstackBANK0  00020
get_millis@prev_now          cstackBANK0  00024
int$flags                    (abs)        0007E
intlevel0                    functab      00000
intlevel1                    functab      00000
intlevel2                    functab      00000
intlevel3                    functab      00000
intlevel4                    functab      00000
intlevel5                    functab      00000
ltemp                        (abs)        0007E
ltemp0                       (abs)        0007E
ltemp1                       (abs)        00082
ltemp2                       (abs)        00086
ltemp3                       (abs)        00080
millis@ms                    cstackBANK0  00024
processButton@button         cstackBANK0  0006C
processButton@isPressed      cstackBANK0  00067
processButtons@i             cstackBANK1  000E7
processButtons@isPressed     cstackBANK1  000E5
pwmInit_ccp2@ccpr1l_ccp1con  cstackBANK0  00061
pwmInit_ccp2@duty            cstackBANK0  0005C
pwmInit_ccp2@freq            cstackBANK0  0005A
pwmInit_ccp3@ccpr3l_ccp3con  cstackBANK0  00061
pwmInit_ccp3@duty            cstackBANK0  0005C
pwmInit_ccp3@freq            cstackBANK0  0005A
reset_vec                    reset_vec    00000
stackhi                      (abs)        023EF
stacklo                      (abs)        020B2
start                        init         00024
start_initialization         cinit        00026
timerEventStart@time         cstackBANK0  00020
timerGetTick@time            cstackBANK0  00020
timerInit@func               cstackBANK0  00022
timerInit@time               cstackBANK0  00024
timerInit@timeSet            cstackBANK0  00020
timerInterruptProc@ch_count  cstackCOMMON 00070
timerInterruptProc@i         cstackCOMMON 0007A
timerInterruptProc@time      cstackCOMMON 00079
timerProc@time               cstackBANK0  0006F
timerTickClear@start         cstackBANK0  00020
timerTickClear@time          cstackBANK0  00022
ttemp                        (abs)        0007E
ttemp0                       (abs)        0007E
ttemp1                       (abs)        00081
ttemp2                       (abs)        00084
ttemp3                       (abs)        00087
ttemp4                       (abs)        0007F
wtemp                        (abs)        0007E
wtemp0                       (abs)        0007E
wtemp1                       (abs)        00080
wtemp2                       (abs)        00082
wtemp3                       (abs)        00084
wtemp4                       (abs)        00086
wtemp5                       (abs)        00088
wtemp6                       (abs)        0007F


FUNCTION INFORMATION:

 *************** function _main *****************
 Defined at:
		line 11 in file "main.c"
 Parameters:    Size  Location     Type
		None
 Auto vars:     Size  Location     Type
		None
 Return value:  Size  Location     Type
                  1    wreg      void 
 Registers used:
		wreg, fsr1l, fsr1h, status,2, status,0, pclath, cstack
 Tracked objects:
		On entry : 
		On exit  : 
		Unchanged: 
 Data sizes:     COMMON   BANK0   BANK1   BANK2   BANK3   BANK4   BANK5   BANK6   BANK7   BANK8   BANK9  BANK10  BANK11  BANK12
      Params:         0       0       0       0       0       0       0       0       0       0       0       0       0       0
      Locals:         0       0       0       0       0       0       0       0       0       0       0       0       0       0
      Temps:          0       0       0       0       0       0       0       0       0       0       0       0       0       0
      Totals:         0       0       0       0       0       0       0       0       0       0       0       0       0       0
Total ram usage:        0 bytes
 Hardware stack levels required when called:   12
 This function calls:
		_apInit
		_apMain
 This function is called by:
		Startup code after reset
 This function uses a non-reentrant model


 *************** function _apMain *****************
 Defined at:
		line 236 in file "ap.c"
 Parameters:    Size  Location     Type
		None
 Auto vars:     Size  Location     Type
		None
 Return value:  Size  Location     Type
                  1    wreg      void 
 Registers used:
		wreg, fsr1l, fsr1h, status,2, status,0, pclath, cstack
 Tracked objects:
		On entry : 
		On exit  : 
		Unchanged: 
 Data sizes:     COMMON   BANK0   BANK1   BANK2   BANK3   BANK4   BANK5   BANK6   BANK7   BANK8   BANK9  BANK10  BANK11  BANK12
      Params:         0       0       0       0       0       0       0       0       0       0       0       0       0       0
      Locals:         0       0       0       0       0       0       0       0       0       0       0       0       0       0
      Temps:          0       0       0       0       0       0       0       0       0       0       0       0       0       0
      Totals:         0       0       0       0       0       0       0       0       0       0       0       0       0       0
Total ram usage:        0 bytes
 Hardware stack levels used:    1
 Hardware stack levels required when called:   11
 This function calls:
		_timerProc
 This function is called by:
		_main
 This function uses a non-reentrant model


 *************** function _timerProc *****************
 Defined at:
		line 19 in file "timer.c"
 Parameters:    Size  Location     Type
  time            1    wreg     PTR struct .
		 -> Timer(48), 
 Auto vars:     Size  Location     Type
  time            1   79[BANK0 ] PTR struct .
		 -> Timer(48), 
 Return value:  Size  Location     Type
                  1    wreg      void 
 Registers used:
		wreg, fsr1l, fsr1h, status,2, status,0, pclath, cstack
 Tracked objects:
		On entry : 
		On exit  : 
		Unchanged: 
 Data sizes:     COMMON   BANK0   BANK1   BANK2   BANK3   BANK4   BANK5   BANK6   BANK7   BANK8   BANK9  BANK10  BANK11  BANK12
      Params:         0       0       0       0       0       0       0       0       0       0       0       0       0       0
      Locals:         0       1       0       0       0       0       0       0       0       0       0       0       0       0
      Temps:          0       0       0       0       0       0       0       0       0       0       0       0       0       0
      Totals:         0       1       0       0       0       0       0       0       0       0       0       0       0       0
Total ram usage:        1 bytes
 Hardware stack levels used:    1
 Hardware stack levels required when called:   10
 This function calls:
		_event_anodeCurrent
		_event_display
		_event_expose
		_event_rst
		_event_timer_Button
 This function is called by:
		_apMain
 This function uses a non-reentrant model


 *************** function _event_anodeCurrent *****************
 Defined at:
		line 148 in file "ap.c"
 Parameters:    Size  Location     Type
		None
 Auto vars:     Size  Location     Type
		None
 Return value:  Size  Location     Type
                  1    wreg      void 
 Registers used:
		wreg, fsr1l, fsr1h, status,2, status,0, pclath, cstack
 Tracked objects:
		On entry : 
		On exit  : 
		Unchanged: 
 Data sizes:     COMMON   BANK0   BANK1   BANK2   BANK3   BANK4   BANK5   BANK6   BANK7   BANK8   BANK9  BANK10  BANK11  BANK12
      Params:         0       0       0       0       0       0       0       0       0       0       0       0       0       0
      Locals:         0       0       0       0       0       0       0       0       0       0       0       0       0       0
      Temps:          0       2       0       0       0       0       0       0       0       0       0       0       0       0
      Totals:         0       2       0       0       0       0       0       0       0       0       0       0       0       0
Total ram usage:        2 bytes
 Hardware stack levels used:    1
 Hardware stack levels required when called:    5
 This function calls:
		___ftadd
		___ftge
		___ftsub
		_pwmInit_ccp2
		_timerGetTick
		_timerTickClear
 This function is called by:
		_apInit
		_timerProc
 This function uses a non-reentrant model


 *************** function _event_rst *****************
 Defined at:
		line 136 in file "ap.c"
 Parameters:    Size  Location     Type
		None
 Auto vars:     Size  Location     Type
		None
 Return value:  Size  Location     Type
                  1    wreg      void 
 Registers used:
		wreg, fsr1l, fsr1h, status,2, status,0, pclath, cstack
 Tracked objects:
		On entry : 
		On exit  : 
		Unchanged: 
 Data sizes:     COMMON   BANK0   BANK1   BANK2   BANK3   BANK4   BANK5   BANK6   BANK7   BANK8   BANK9  BANK10  BANK11  BANK12
      Params:         0       0       0       0       0       0       0       0       0       0       0       0       0       0
      Locals:         0       0       0       0       0       0       0       0       0       0       0       0       0       0
      Temps:          0       0       0       0       0       0       0       0       0       0       0       0       0       0
      Totals:         0       0       0       0       0       0       0       0       0       0       0       0       0       0
Total ram usage:        0 bytes
 Hardware stack levels used:    1
 Hardware stack levels required when called:    3
 This function calls:
		_timerGetTick
		_timerTickClear
 This function is called by:
		_apInit
		_timerProc
 This function uses a non-reentrant model


 *************** function _event_display *****************
 Defined at:
		line 89 in file "ap.c"
 Parameters:    Size  Location     Type
		None
 Auto vars:     Size  Location     Type
		None
 Return value:  Size  Location     Type
                  1    wreg      void 
 Registers used:
		wreg, fsr1l, fsr1h, status,2, status,0, pclath, cstack
 Tracked objects:
		On entry : 
		On exit  : 
		Unchanged: 
 Data sizes:     COMMON   BANK0   BANK1   BANK2   BANK3   BANK4   BANK5   BANK6   BANK7   BANK8   BANK9  BANK10  BANK11  BANK12
      Params:         0       0       0       0       0       0       0       0       0       0       0       0       0       0
      Locals:         0       0       0       0       0       0       0       0       0       0       0       0       0       0
      Temps:          0       2       0       0       0       0       0       0       0       0       0       0       0       0
      Totals:         0       2       0       0       0       0       0       0       0       0       0       0       0       0
Total ram usage:        2 bytes
 Hardware stack levels used:    1
 Hardware stack levels required when called:    7
 This function calls:
		_I2C_AS1115_Write
		_adcRead
		_disp_kv
		_disp_ma_result
		_timerEventStart
		_timerGetTick
		_timerTickClear
 This function is called by:
		_apInit
		_timerProc
 This function uses a non-reentrant model


 *************** function _event_expose *****************
 Defined at:
		line 81 in file "ap.c"
 Parameters:    Size  Location     Type
		None
 Auto vars:     Size  Location     Type
		None
 Return value:  Size  Location     Type
                  1    wreg      void 
 Registers used:
		wreg, fsr1l, fsr1h, status,2, status,0, pclath, cstack
 Tracked objects:
		On entry : 
		On exit  : 
		Unchanged: 
 Data sizes:     COMMON   BANK0   BANK1   BANK2   BANK3   BANK4   BANK5   BANK6   BANK7   BANK8   BANK9  BANK10  BANK11  BANK12
      Params:         0       0       0       0       0       0       0       0       0       0       0       0       0       0
      Locals:         0       0       0       0       0       0       0       0       0       0       0       0       0       0
      Temps:          0       0       0       0       0       0       0       0       0       0       0       0       0       0
      Totals:         0       0       0       0       0       0       0       0       0       0       0       0       0       0
Total ram usage:        0 bytes
 Hardware stack levels used:    1
 Hardware stack levels required when called:    3
 This function calls:
		_timerGetTick
		_timerTickClear
 This function is called by:
		_apInit
		_timerProc
 This function uses a non-reentrant model


 *************** function _event_timer_Button *****************
 Defined at:
		line 71 in file "ap.c"
 Parameters:    Size  Location     Type
		None
 Auto vars:     Size  Location     Type
		None
 Return value:  Size  Location     Type
                  1    wreg      void 
 Registers used:
		wreg, fsr1l, fsr1h, status,2, status,0, pclath, cstack
 Tracked objects:
		On entry : 
		On exit  : 
		Unchanged: 
 Data sizes:     COMMON   BANK0   BANK1   BANK2   BANK3   BANK4   BANK5   BANK6   BANK7   BANK8   BANK9  BANK10  BANK11  BANK12
      Params:         0       0       0       0       0       0       0       0       0       0       0       0       0       0
      Locals:         0       0       0       0       0       0       0       0       0       0       0       0       0       0
      Temps:          0       0       0       0       0       0       0       0       0       0       0       0       0       0
      Totals:         0       0       0       0       0       0       0       0       0       0       0       0       0       0
Total ram usage:        0 bytes
 Hardware stack levels used:    1
 Hardware stack levels required when called:    9
 This function calls:
		_processButtons
		_timerGetTick
		_timerTickClear
 This function is called by:
		_apInit
		_timerProc
 This function uses a non-reentrant model


 *************** function _processButtons *****************
 Defined at:
		line 32 in file "button.c"
 Parameters:    Size  Location     Type
		None
 Auto vars:     Size  Location     Type
  i               1    2[BANK1 ] unsigned char 
  isPressed       2    0[BANK1 ] unsigned char [2]
 Return value:  Size  Location     Type
                  1    wreg      void 
 Registers used:
		wreg, fsr1l, fsr1h, status,2, status,0, pclath, cstack
 Tracked objects:
		On entry : 
		On exit  : 
		Unchanged: 
 Data sizes:     COMMON   BANK0   BANK1   BANK2   BANK3   BANK4   BANK5   BANK6   BANK7   BANK8   BANK9  BANK10  BANK11  BANK12
      Params:         0       0       0       0       0       0       0       0       0       0       0       0       0       0
      Locals:         0       0       3       0       0       0       0       0       0       0       0       0       0       0
      Temps:          0       2       0       0       0       0       0       0       0       0       0       0       0       0
      Totals:         0       2       3       0       0       0       0       0       0       0       0       0       0       0
Total ram usage:        5 bytes
 Hardware stack levels used:    1
 Hardware stack levels required when called:    8
 This function calls:
		___bmul
		_processButton
 This function is called by:
		_event_timer_Button
 This function uses a non-reentrant model


 *************** function _processButton *****************
 Defined at:
		line 44 in file "button.c"
 Parameters:    Size  Location     Type
  button          1    wreg     PTR struct .
		 -> buttons(18), 
  isPressed       1   71[BANK0 ] unsigned char 
 Auto vars:     Size  Location     Type
  button          1   76[BANK0 ] PTR struct .
		 -> buttons(18), 
 Return value:  Size  Location     Type
                  1    wreg      void 
 Registers used:
		wreg, fsr1l, fsr1h, status,2, status,0, pclath, cstack
 Tracked objects:
		On entry : 
		On exit  : 
		Unchanged: 
 Data sizes:     COMMON   BANK0   BANK1   BANK2   BANK3   BANK4   BANK5   BANK6   BANK7   BANK8   BANK9  BANK10  BANK11  BANK12
      Params:         0       1       0       0       0       0       0       0       0       0       0       0       0       0
      Locals:         0       1       0       0       0       0       0       0       0       0       0       0       0       0
      Temps:          0       4       0       0       0       0       0       0       0       0       0       0       0       0
      Totals:         0       6       0       0       0       0       0       0       0       0       0       0       0       0
Total ram usage:        6 bytes
 Hardware stack levels used:    1
 Hardware stack levels required when called:    7
 This function calls:
		_event_btn_Expose
		_event_btn_Stop
 This function is called by:
		_processButtons
 This function uses a non-reentrant model


 *************** function _event_btn_Stop *****************
 Defined at:
		line 46 in file "ap.c"
 Parameters:    Size  Location     Type
		None
 Auto vars:     Size  Location     Type
  temp            2   31[BANK0 ] unsigned int 
  ret             1   30[BANK0 ] unsigned char 
 Return value:  Size  Location     Type
                  1    wreg      unsigned char 
 Registers used:
		wreg, fsr1l, fsr1h, status,2, status,0, pclath, cstack
 Tracked objects:
		On entry : 
		On exit  : 
		Unchanged: 
 Data sizes:     COMMON   BANK0   BANK1   BANK2   BANK3   BANK4   BANK5   BANK6   BANK7   BANK8   BANK9  BANK10  BANK11  BANK12
      Params:         0       0       0       0       0       0       0       0       0       0       0       0       0       0
      Locals:         0       3       0       0       0       0       0       0       0       0       0       0       0       0
      Temps:          0       1       0       0       0       0       0       0       0       0       0       0       0       0
      Totals:         0       4       0       0       0       0       0       0       0       0       0       0       0       0
Total ram usage:        4 bytes
 Hardware stack levels used:    1
 Hardware stack levels required when called:    6
 This function calls:
		_I2C_DAC_Write
		_pwmStop_ccp2
		_pwmStop_ccp3
		_timerTickClear
 This function is called by:
		_apInit
		_processButton
 This function uses a non-reentrant model


 *************** function _event_btn_Expose *****************
 Defined at:
		line 9 in file "ap.c"
 Parameters:    Size  Location     Type
		None
 Auto vars:     Size  Location     Type
  temp            2   69[BANK0 ] unsigned int 
  ret             1   68[BANK0 ] unsigned char 
 Return value:  Size  Location     Type
                  1    wreg      unsigned char 
 Registers used:
		wreg, fsr1l, fsr1h, status,2, status,0, pclath, cstack
 Tracked objects:
		On entry : 
		On exit  : 
		Unchanged: 
 Data sizes:     COMMON   BANK0   BANK1   BANK2   BANK3   BANK4   BANK5   BANK6   BANK7   BANK8   BANK9  BANK10  BANK11  BANK12
      Params:         0       0       0       0       0       0       0       0       0       0       0       0       0       0
      Locals:         0       3       0       0       0       0       0       0       0       0       0       0       0       0
      Temps:          0       1       0       0       0       0       0       0       0       0       0       0       0       0
      Totals:         0       4       0       0       0       0       0       0       0       0       0       0       0       0
Total ram usage:        4 bytes
 Hardware stack levels used:    1
 Hardware stack levels required when called:    6
 This function calls:
		_I2C_DAC_Write
		_adcTodac
		_pwmInit_ccp2
		_pwmInit_ccp3
		_pwmStart_ccp2
		_pwmStart_ccp3
		_timerEventStart
 This function is called by:
		_apInit
		_processButton
 This function uses a non-reentrant model


 *************** function _pwmStart_ccp3 *****************
 Defined at:
		line 87 in file "pwm.c"
 Parameters:    Size  Location     Type
[...]
Total ram usage:        8 bytes
 Hardware stack levels used:    1
 Hardware stack levels required when called:    3
 This function calls:
		_get_millis
		_init_millis
		_millis
 This function is called by:
		_I2CStart
		_I2CStop
		_I2CSend
		_I2CRestart
		_I2CRead
 This function uses a non-reentrant model


 *************** function _I2CAck *****************
 Defined at:
		line 53 in file "I2C.c"
 Parameters:    Size  Location     Type
		None
 Auto vars:     Size  Location     Type
  prev            4   20[BANK0 ] unsigned long 
  now             4   16[BANK0 ] unsigned long 
 Return value:  Size  Location     Type
                  1    wreg      void 
 Registers used:
		wreg, status,2, status,0, pclath, cstack
 Tracked objects:
		On entry : 
		On exit  : 
		Unchanged: 
 Data sizes:     COMMON   BANK0   BANK1   BANK2   BANK3   BANK4   BANK5   BANK6   BANK7   BANK8   BANK9  BANK10  BANK11  BANK12
      Params:         0       0       0       0       0       0       0       0       0       0       0       0       0       0
      Locals:         0       8       0       0       0       0       0       0       0       0       0       0       0       0
      Temps:          0       0       0       0       0       0       0       0       0       0       0       0       0       0
      Totals:         0       8       0       0       0       0       0       0       0       0       0       0       0       0
Total ram usage:        8 bytes
 Hardware stack levels used:    1
 Hardware stack levels required when called:    3
 This function calls:
		_get_millis
		_init_millis
		_millis
 This function is called by:
		_I2C_AS1115_Write
 This function uses a non-reentrant model


 *************** function _millis *****************
 Defined at:
		line 11 in file "millis.c"
 Parameters:    Size  Location     Type
		None
 Auto vars:     Size  Location     Type
  ms              4    4[BANK0 ] unsigned long 
 Return value:  Size  Location     Type
                  4    0[BANK0 ] unsigned long 
 Registers used:
		wreg
 Tracked objects:
		On entry : 
		On exit  : 
		Unchanged: 
 Data sizes:     COMMON   BANK0   BANK1   BANK2   BANK3   BANK4   BANK5   BANK6   BANK7   BANK8   BANK9  BANK10  BANK11  BANK12
      Params:         0       4       0       0       0       0       0       0       0       0       0       0       0       0
      Locals:         0       4       0       0       0       0       0       0       0       0       0       0       0       0
      Temps:          0       0       0       0       0       0       0       0       0       0       0       0       0       0
      Totals:         0       8       0       0       0       0       0       0       0       0       0       0       0       0
Total ram usage:        8 bytes
 Hardware stack levels used:    1
 Hardware stack levels required when called:    2
 This function calls:
		Nothing
 This function is called by:
		_I2CAck
		_I2CWait
		_I2CAck_2
		_I2CWait_2
		_I2CNak
		_I2CNak_2
 This function uses a non-reentrant model


 *************** function _init_millis *****************
 Defined at:
		line 6 in file "millis.c"
 Parameters:    Size  Location     Type
		None
 Auto vars:     Size  Location     Type
		None
 Return value:  Size  Location     Type
                  1    wreg      void 
 Registers used:
		wreg
 Tracked objects:
		On entry : 
		On exit  : 
		Unchanged: 
 Data sizes:     COMMON   BANK0   BANK1   BANK2   BANK3   BANK4   BANK5   BANK6   BANK7   BANK8   BANK9  BANK10  BANK11  BANK12
      Params:         0       0       0       0       0       0       0       0       0       0       0       0       0       0
      Locals:         0       0       0       0       0       0       0       0       0       0       0       0       0       0
      Temps:          0       0       0       0       0       0       0       0       0       0       0       0       0       0
      Totals:         0       0       0       0       0       0       0       0       0       0       0       0       0       0
Total ram usage:        0 bytes
 Hardware stack levels used:    1
 Hardware stack levels required when called:    2
 This function calls:
		Nothing
 This function is called by:
		_I2CAck
		_I2CWait
		_I2CAck_2
		_I2CWait_2
		_I2CNak
		_I2CNak_2
 This function uses a non-reentrant model


 *************** function _get_millis *****************
 Defined at:
		line 18 in file "millis.c"
 Parameters:    Size  Location     Type
  now             4    0[BANK0 ] unsigned long 
  prev_now        4    4[BANK0 ] unsigned long 
 Auto vars:     Size  Location     Type
		None
 Return value:  Size  Location     Type
                  4    0[BANK0 ] unsigned long 
 Registers used:
		wreg, status,2, status,0
 Tracked objects:
		On entry : 
		On exit  : 
		Unchanged: 
 Data sizes:     COMMON   BANK0   BANK1   BANK2   BANK3   BANK4   BANK5   BANK6   BANK7   BANK8   BANK9  BANK10  BANK11  BANK12
      Params:         0       8       0       0       0       0       0       0       0       0       0       0       0       0
      Locals:         0       0       0       0       0       0       0       0       0       0       0       0       0       0
      Temps:          0       8       0       0       0       0       0       0       0       0       0       0       0       0
      Totals:         0      16       0       0       0       0       0       0       0       0       0       0       0       0
Total ram usage:       16 bytes
 Hardware stack levels used:    1
 Hardware stack levels required when called:    2
 This function calls:
		Nothing
 This function is called by:
		_I2CAck
		_I2CWait
		_I2CAck_2
		_I2CWait_2
		_I2CNak
		_I2CNak_2
 This function uses a non-reentrant model


 *************** function _I2CInit_2 *****************
 Defined at:
		line 122 in file "I2C.c"
 Parameters:    Size  Location     Type
  freq            2   21[BANK0 ] unsigned int 
 Auto vars:     Size  Location     Type
		None
 Return value:  Size  Location     Type
                  1    wreg      void 
 Registers used:
		wreg, status,2, status,0, pclath, cstack
 Tracked objects:
		On entry : 
		On exit  : 
		Unchanged: 
 Data sizes:     COMMON   BANK0   BANK1   BANK2   BANK3   BANK4   BANK5   BANK6   BANK7   BANK8   BANK9  BANK10  BANK11  BANK12
      Params:         0       2       0       0       0       0       0       0       0       0       0       0       0       0
      Locals:         0       0       0       0       0       0       0       0       0       0       0       0       0       0
      Temps:          0       6       0       0       0       0       0       0       0       0       0       0       0       0
      Totals:         0       8       0       0       0       0       0       0       0       0       0       0       0       0
Total ram usage:        8 bytes
 Hardware stack levels used:    1
 Hardware stack levels required when called:    3
 This function calls:
		___aldiv
		___wmul
 This function is called by:
		_apInit
 This function uses a non-reentrant model


 *************** function _I2CInit *****************
 Defined at:
		line 14 in file "I2C.c"
 Parameters:    Size  Location     Type
  freq            2   21[BANK0 ] unsigned int 
 Auto vars:     Size  Location     Type
		None
 Return value:  Size  Location     Type
                  1    wreg      void 
 Registers used:
		wreg, status,2, status,0, pclath, cstack
 Tracked objects:
		On entry : 
		On exit  : 
		Unchanged: 
 Data sizes:     COMMON   BANK0   BANK1   BANK2   BANK3   BANK4   BANK5   BANK6   BANK7   BANK8   BANK9  BANK10  BANK11  BANK12
      Params:         0       2       0       0       0       0       0       0       0       0       0       0       0       0
      Locals:         0       0       0       0       0       0       0       0       0       0       0       0       0       0
      Temps:          0       6       0       0       0       0       0       0       0       0       0       0       0       0
      Totals:         0       8       0       0       0       0       0       0       0       0       0       0       0       0
Total ram usage:        8 bytes
 Hardware stack levels used:    1
 Hardware stack levels required when called:    3
 This function calls:
		___aldiv
		___wmul
 This function is called by:
		_apInit
 This function uses a non-reentrant model


 *************** function ___wmul *****************
 Defined at:
		line 15 in file "C:\Program Files (x86)\Microchip\xc8\v1.38\sources\common\Umul16.c"
 Parameters:    Size  Location     Type
  multiplier      2    0[BANK0 ] unsigned int 
  multiplicand    2    2[BANK0 ] unsigned int 
 Auto vars:     Size  Location     Type
  product         2    4[BANK0 ] unsigned int 
 Return value:  Size  Location     Type
                  2    0[BANK0 ] unsigned int 
 Registers used:
		wreg, status,2, status,0
 Tracked objects:
		On entry : 
		On exit  : 
		Unchanged: 
 Data sizes:     COMMON   BANK0   BANK1   BANK2   BANK3   BANK4   BANK5   BANK6   BANK7   BANK8   BANK9  BANK10  BANK11  BANK12
      Params:         0       4       0       0       0       0       0       0       0       0       0       0       0       0
      Locals:         0       2       0       0       0       0       0       0       0       0       0       0       0       0
      Temps:          0       0       0       0       0       0       0       0       0       0       0       0       0       0
      Totals:         0       6       0       0       0       0       0       0       0       0       0       0       0       0
Total ram usage:        6 bytes
 Hardware stack levels used:    1
 Hardware stack levels required when called:    2
 This function calls:
		Nothing
 This function is called by:
		_I2CInit
		_I2CInit_2
		_disp_ma_result
		_disp_kv
		_disp_ADC
		_disp_ma
 This function uses a non-reentrant model


 *************** function ___aldiv *****************
 Defined at:
		line 6 in file "C:\Program Files (x86)\Microchip\xc8\v1.38\sources\common\aldiv.c"
 Parameters:    Size  Location     Type
  divisor         4    6[BANK0 ] long 
  dividend        4   10[BANK0 ] long 
 Auto vars:     Size  Location     Type
  quotient        4   17[BANK0 ] long 
  sign            1   16[BANK0 ] unsigned char 
  counter         1   15[BANK0 ] unsigned char 
 Return value:  Size  Location     Type
                  4    6[BANK0 ] long 
 Registers used:
		wreg, status,2, status,0
 Tracked objects:
		On entry : 
		On exit  : 
		Unchanged: 
 Data sizes:     COMMON   BANK0   BANK1   BANK2   BANK3   BANK4   BANK5   BANK6   BANK7   BANK8   BANK9  BANK10  BANK11  BANK12
      Params:         0       8       0       0       0       0       0       0       0       0       0       0       0       0
      Locals:         0       6       0       0       0       0       0       0       0       0       0       0       0       0
      Temps:          0       1       0       0       0       0       0       0       0       0       0       0       0       0
      Totals:         0      15       0       0       0       0       0       0       0       0       0       0       0       0
Total ram usage:       15 bytes
 Hardware stack levels used:    1
 Hardware stack levels required when called:    2
 This function calls:
		Nothing
 This function is called by:
		_I2CInit
		_I2CInit_2
		_pwmInit_ccp2
		_pwmInit_ccp3
 This function uses a non-reentrant model


 *************** function _isr *****************
 Defined at:
		line 386 in file "ap.c"
 Parameters:    Size  Location     Type
		None
 Auto vars:     Size  Location     Type
		None
 Return value:  Size  Location     Type
                  1    wreg      void 
 Registers used:
		wreg, fsr1l, fsr1h, status,2, status,0, pclath, cstack
 Tracked objects:
		On entry : 
		On exit  : 
		Unchanged: 
 Data sizes:     COMMON   BANK0   BANK1   BANK2   BANK3   BANK4   BANK5   BANK6   BANK7   BANK8   BANK9  BANK10  BANK11  BANK12
      Params:         0       0       0       0       0       0       0       0       0       0       0       0       0       0
      Locals:         0       0       0       0       0       0       0       0       0       0       0       0       0       0
      Temps:          2       0       0       0       0       0       0       0       0       0       0       0       0       0
      Totals:         2       0       0       0       0       0       0       0       0       0       0       0       0       0
Total ram usage:        2 bytes
 Hardware stack levels used:    1
 Hardware stack levels required when called:    1
 This function calls:
		_timerInterruptProc
 This function is called by:
		Interrupt level 1
 This function uses a non-reentrant model


 *************** function _timerInterruptProc *****************
 Defined at:
		line 41 in file "timer.c"
 Parameters:    Size  Location     Type
  time            1    wreg     PTR struct .
		 -> Timer(48), 
  ch_count        1    0[COMMON] unsigned char 
 Auto vars:     Size  Location     Type
  time            1    9[COMMON] PTR struct .
		 -> Timer(48), 
  i               1   10[COMMON] unsigned char 
 Return value:  Size  Location     Type
                  1    wreg      void 
 Registers used:
		wreg, fsr1l, fsr1h, status,2, status,0
 Tracked objects:
		On entry : 
		On exit  : 
		Unchanged: 
 Data sizes:     COMMON   BANK0   BANK1   BANK2   BANK3   BANK4   BANK5   BANK6   BANK7   BANK8   BANK9  BANK10  BANK11  BANK12
      Params:         1       0       0       0       0       0       0       0       0       0       0       0       0       0
      Locals:         2       0       0       0       0       0       0       0       0       0       0       0       0       0
      Temps:          8       0       0       0       0       0       0       0       0       0       0       0       0       0
      Totals:        11       0       0       0       0       0       0       0       0       0       0       0       0       0
Total ram usage:       11 bytes
 Hardware stack levels used:    1
 This function calls:
		Nothing
 This function is called by:
		_isr
 This function uses a non-reentrant model



MODULE INFORMATION

Module		Function		Class		Link	Load	Size
C:\Program Files (x86)\Microchip\xc8\v1.38\sources\common\ftsub.c
		___ftsub       		CODE           	091B	0000	31

C:\Program Files (x86)\Microchip\xc8\v1.38\sources\common\ftsub.c estimated size: 31

C:\Program Files (x86)\Microchip\xc8\v1.38\sources\common\float.c
		___ftpack      		CODE           	078E	0000	102

C:\Program Files (x86)\Microchip\xc8\v1.38\sources\common\float.c estimated size: 102

MCP47FEB2X.c
		_I2C_DAC_Write 		CODE           	0AD0	0000	58

MCP47FEB2X.c estimated size: 58

ap.c
		_apMain        		CODE           	08D0	0000	23
		_event_display 		CODE           	033B	0000	217
		_apInit        		CODE           	0413	0000	215
		_initPort      		CODE           	0CC3	0000	74
		_event_rst     		CODE           	0863	0000	16
		_isr           		CODE           	0004	0000	33
		_initTimer     		CODE           	082B	0000	15
		_event_anodeCurrent		CODE           	0263	0000	217
		_event_expose  		CODE           	0855	0000	15
		_event_btn_Expose		CODE           	0D0C	0000	86
		_event_timer_Button		CODE           	0883	0000	18
		_event_btn_Stop		CODE           	099C	0000	37

ap.c estimated size: 966

C:\Program Files (x86)\Microchip\xc8\v1.38\sources\common\lwmod.c
		___lwmod       		CODE           	0A12	0000	46

C:\Program Files (x86)\Microchip\xc8\v1.38\sources\common\lwmod.c estimated size: 46

button.c
		_processButton 		CODE           	0DDC	0000	130
		_processButtons		CODE           	0A6C	0000	48
		_buttons_init  		CODE           	0816	0000	11
		_buttons_setFuncs		CODE           	0872	0000	18

button.c estimated size: 207

C:\Program Files (x86)\Microchip\xc8\v1.38\sources\common\Umul16.c
		___wmul        		CODE           	08FF	0000	29

C:\Program Files (x86)\Microchip\xc8\v1.38\sources\common\Umul16.c estimated size: 29

millis.c
		_millis        		CODE           	08E6	0000	26
		_init_millis   		CODE           	080C	0000	11
		_get_millis    		CODE           	09C0	0000	42

millis.c estimated size: 79

timer.c
		_timerEventStart		CODE           	17EF	0000	9
		_timerInit     		CODE           	0958	0000	35
		_timerProc     		CODE           	07F3	0000	13
		_timerGetTick  		CODE           	17D9	0000	8
		_timerInterruptProc		CODE           	0D61	0000	124
		_timerTickClear		CODE           	08A6	0000	22

timer.c estimated size: 211

I2C.c
		_I2CStop       		CODE           	17BE	0000	6
		_I2CStop_2     		CODE           	17C8	0000	6
		_I2CAck        		CODE           	0BBF	0000	65
		_I2CAck_2      		CODE           	0BFF	0000	65
		_I2CStart      		CODE           	17B9	0000	6
		_I2CStart_2    		CODE           	17C3	0000	6
		_I2CWait       		CODE           	0C3F	0000	67
		_I2CWait_2     		CODE           	0C81	0000	67
		_I2CInit       		CODE           	0B45	0000	62
		_I2CInit_2     		CODE           	0B82	0000	62
		_I2CSend       		CODE           	17F7	0000	10
		_I2CSend_2     		CODE           	0803	0000	10

I2C.c estimated size: 432

AS1115.c
		_I2C_AS1115_Write		CODE           	0939	0000	32

AS1115.c estimated size: 32

C:\Program Files (x86)\Microchip\xc8\v1.38\sources\common\ftmul.c
		___ftmul       		CODE           	04E9	0000	181

C:\Program Files (x86)\Microchip\xc8\v1.38\sources\common\ftmul.c estimated size: 181

C:\Program Files (x86)\Microchip\xc8\v1.38\sources\common\ftdiv.c
		___ftdiv       		CODE           	064A	0000	170

C:\Program Files (x86)\Microchip\xc8\v1.38\sources\common\ftdiv.c estimated size: 170

pwm.c
		_pwmStart_ccp2 		CODE           	0839	0000	15
		_pwmStart_ccp3 		CODE           	0847	0000	15
		_pwmInit_ccp2  		CODE           	0F66	0000	155
		_pwmInit_ccp3  		CODE           	06F3	0000	156
		_pwmStop_ccp2  		CODE           	17CD	0000	7
		_pwmStop_ccp3  		CODE           	17E7	0000	9

pwm.c estimated size: 357

C:\Program Files (x86)\Microchip\xc8\v1.38\sources\common\lwdiv.c
		___lwdiv       		CODE           	0A9B	0000	54

C:\Program Files (x86)\Microchip\xc8\v1.38\sources\common\lwdiv.c estimated size: 54

adc.c
		_adcRead       		CODE           	09E9	0000	42
		_adcInit       		CODE           	0820	0000	12

adc.c estimated size: 54

C:\Program Files (x86)\Microchip\xc8\v1.38\sources\common\aldiv.c
		___aldiv       		CODE           	0E5D	0000	131

C:\Program Files (x86)\Microchip\xc8\v1.38\sources\common\aldiv.c estimated size: 131

C:\Program Files (x86)\Microchip\xc8\v1.38\sources\common\Umul8.c
		___bmul        		CODE           	0894	0000	19

C:\Program Files (x86)\Microchip\xc8\v1.38\sources\common\Umul8.c estimated size: 19

C:\Program Files (x86)\Microchip\xc8\v1.38\sources\common\fttol.c
		___fttol       		CODE           	0EDF	0000	136

C:\Program Files (x86)\Microchip\xc8\v1.38\sources\common\fttol.c estimated size: 136

shared
		__initialization		CODE           	0026	0000	16

shared estimated size: 16

C:\Program Files (x86)\Microchip\xc8\v1.38\sources\common\lwtoft.c
		___lwtoft      		CODE           	08BB	0000	22

C:\Program Files (x86)\Microchip\xc8\v1.38\sources\common\lwtoft.c estimated size: 22

app.c
		_disp_kv       		CODE           	0039	0000	309
		_disp_ma_result		CODE           	059D	0000	174
		_adcTodac      		CODE           	0A3F	0000	46

app.c estimated size: 529

C:\Program Files (x86)\Microchip\xc8\v1.38\sources\common\awtoft.c
		___awtoft      		CODE           	097A	0000	35

C:\Program Files (x86)\Microchip\xc8\v1.38\sources\common\awtoft.c estimated size: 35

C:\Program Files (x86)\Microchip\xc8\v1.38\sources\common\ftadd.c
		___ftadd       		CODE           	016D	0000	247

C:\Program Files (x86)\Microchip\xc8\v1.38\sources\common\ftadd.c estimated size: 247

main.c
		_main          		CODE           	17E0	0000	8

main.c estimated size: 8

C:\Program Files (x86)\Microchip\xc8\v1.38\sources\common\ftge.c
		___ftge        		CODE           	0B09	0000	61

C:\Program Files (x86)\Microchip\xc8\v1.38\sources\common\ftge.c estimated size: 61

