Microchip MPLAB XC8 Compiler V1.38 ()

Linker command line:

-W-3 --edf=C:\Program Files (x86)\Microchip\xc8\v1.38\dat\en_msgs.txt -cs \
  -h+dist/default/debug\VXP150N_220614.X.debug.sym \
  --cmf=dist/default/debug\VXP150N_220614.X.debug.cmf -z -Q16F1947 \
  -oC:\Users\pc\AppData\Local\Temp\sl44.2 \
  -Mdist/default/debug/VXP150N_220614.X.debug.map -E1 -ver=XC8 \
  -ASTACK=020B2h-023efh -pstack=STACK -ACODE=00h-07FFhx8 \
  -ASTRCODE=00h-03FFFh -ASTRING=00h-0FFhx64 -ACONST=00h-0FFhx64 \
  -AENTRY=00h-0FFhx64 -ACOMMON=070h-07Fh -ABANK0=020h-06Fh \
  -ABANK1=0A0h-0EFh -ABANK2=0120h-016Fh -ABANK3=01A0h-01EFh \
  -ABANK4=0220h-026Fh -ABANK5=02A0h-02EFh -ABANK6=0320h-036Fh \
  -ABANK7=03A0h-03EFh -ABANK8=0420h-046Fh -ABANK9=04A0h-04EFh \
  -ABANK10=0520h-056Fh -ABANK11=05A0h-05EFh -ABANK12=0620h-064Fh \
  -ABIGRAM=02000h-023EFh \
  -ARAM=020h-06Fh,0A0h-0EFh,0120h-016Fh,01A0h-01EFh,0220h-026Fh,02A0h-02EFh,0320h-036Fh,03A0h-03EFh,0420h-046Fh,04A0h-04EFh,0520h-056Fh,05A0h-05EFh,0620h-064Fh \
  -AABS1=020h-07Fh,0A0h-0EFh,0120h-016Fh,01A0h-01EFh,0220h-026Fh,02A0h-02EFh,0320h-036Fh,03A0h-03EFh,0420h-046Fh,04A0h-04EFh,0520h-056Fh,05A0h-05EFh,0620h-064Fh \
  -ASFR0=00h-01Fh -ASFR1=080h-09Fh -ASFR2=0100h-011Fh -ASFR3=0180h-019Fh \
  -ASFR4=0200h-021Fh -ASFR5=0280h-029Fh -ASFR6=0300h-031Fh \
  -ASFR7=0380h-039Fh -ASFR8=0400h-041Fh -ASFR9=0480h-049Fh \
  -ASFR10=0500h-051Fh -ASFR11=0580h-059Fh -ASFR12=0600h-061Fh \
  -ASFR13=0680h-06EFh -ASFR14=0700h-076Fh -ASFR15=0780h-07EFh \
  -ASFR16=0800h-086Fh -ASFR17=0880h-08EFh -ASFR18=0900h-096Fh \
  -ASFR19=0980h-09EFh -ASFR20=0A00h-0A6Fh -ASFR21=0A80h-0AEFh \
  -ASFR22=0B00h-0B6Fh -ASFR23=0B80h-0BEFh -ASFR24=0C00h-0C6Fh \
  -ASFR25=0C80h-0CEFh -ASFR26=0D00h-0D6Fh -ASFR27=0D80h-0DEFh \
  -ASFR28=0E00h-0E6Fh -ASFR29=0E80h-0EEFh -ASFR30=0F00h-0F6Fh \
  -ASFR31=0F80h-0FEFh -preset_vec=00h,intentry=04h,init,end_init \
  -ppowerup=CODE -pcinit=CODE -pfunctab=CODE -ACONFIG=08007h-08008h \
  -pconfig=CONFIG -DCONFIG=2 -AIDLOC=08000h-08003h -pidloc=IDLOC -DIDLOC=2 \
  -AEEDATA=00h-0FFh/0F000h -peeprom_data=EEDATA -DEEDATA=2 -DCODE=2 \
  -DSTRCODE=2 -DSTRING=2 -DCONST=2 -DENTRY=2 -k \
  C:\Users\pc\AppData\Local\Temp\sl44.obj \
  dist/default/debug\VXP150N_220614.X.debug.obj 

Object code version is 3.11

Machine type is 16F1947



                Name                               Link     Load   Length Selector   Space Scale
C:\Users\pc\AppData\Local\Temp\sl44.obj
                end_init                             24       24        2        8       0
                reset_vec                             0        0        3        0       0
                config                             8007     8007        2    1000E       0
dist/default/debug\VXP150N_220614.X.debug.obj
                cinit                                26       26       13        8       0
                intentry                              4        4       20        8       0
                text64                              DE8      DE8       7B     1BD0       0
                text62                              EE4      EE4       82     1DC8       0
                text61                              921      921       1C     1242       0
                text60                              B67      B67       3D     16CE       0
                text59                              BA4      BA4       3D     1748       0
                text58                              9E2      9E2       29     13C4       0
                text57                              822      822        A     1044       0
                text56                              908      908       19     1210       0
                text55                              BE1      BE1       40     17C2       0
                text54                              C61      C61       42     18C2       0
                text53                              810      810        9     1020       0
                text52                             17D2     17D2        5     2FA4       0
                text51                             17D7     17D7        5     2FAE       0
                text50                              95B      95B       1F     12B6       0
                text49                              836      836        B     106C       0
                text48                              82C      82C        A     1058       0
                text47                              894      894       11     1128       0
                text46                              C21      C21       40     1842       0
                text45                              CA3      CA3       42     1946       0
                text44                              819      819        9     1032       0
                text43                             17DC     17DC        5     2FB8       0
                text42                             17E1     17E1        5     2FC2       0
                text41                              AF2      AF2       39     15E4       0
                text40                             17E6     17E6        6     2FCC       0
                text39                              800      800        8     1000       0
                text38                              8C8      8C8       15     1190       0
                text37                              CE5      CE5       49     19CA       0
                text36                              84D      84D        E     109A       0
                text35                              808      808        8     1010       0
                text34                              97A      97A       22     12F4       0
                text33                              408      408       D6        8       0
                text32                              B2B      B2B       3C     1656       0
                text31                              D83      D83       65     1B06       0
                text30                              162      162       F6        8       0
                text29                              93D      93D       1E     127A       0
                text28                              99C      99C       22     1338       0
                text27                              592      592       A9        8       0
                text26                              4DE      4DE       B4        8       0
                text25                              778      778       87        8       0
                text24                              F66      F66       9A     1ECC       0
                text23                             17F2     17F2        7     2FE4       0
                text22                              A0B      A0B       29     1416       0
                text21                              ABD      ABD       35     157A       0
                text20                              A34      A34       2D     1468       0
                text19                              8DD      8DD       15     11BA       0
                text18                               39       39      129        8       0
                text17                              63B      63B       A2        8       0
                text16                              8B6      8B6       12     116C       0
                text15                              A61      A61       2D     14C2       0
                text14                              6DD      6DD       9B        8       0
                text13                              85B      85B        E     10B6       0
                text12                              869      869        E     10D2       0
                text11                              D2E      D2E       55     1A5C       0
                text10                              9BE      9BE       24     137C       0
                text9                               E63      E63       81     1CC6       0
                text8                               A8E      A8E       2F     151C       0
                text7                               8A5      8A5       11     114A       0
                text6                               877      877        E     10EE       0
                text5                               330      330       D8        8       0
                text4                               885      885        F     110A       0
                text3                               258      258       D8        8       0
                text2                               841      841        C     1082       0
                text1                               8F2      8F2       16     11E4       0
                maintext                           17F9     17F9        7     2FF2       0
                cstackBANK0                          20       20       50       20       1
                cstackCOMMON                         70       70        D       70       1
                cstackBANK1                          E5       E5        3       A0       1
                clrtext                            17EC     17EC        6     2FD8       0
                bssBANK2                            120      120       12      120       1
                bssBANK1                             A0       A0       45       A0       1

TOTAL           Name                               Link     Load   Length     Space
        CLASS   STACK          

        CLASS   CODE           
                end_init                             24       24        2         0
                cinit                                26       26       13         0
                intentry                              4        4       20         0
                reset_vec                             0        0        3         0
                text64                              DE8      DE8       7B         0
                text62                              EE4      EE4       82         0
                text61                              921      921       1C         0
                text60                              B67      B67       3D         0
                text59                              BA4      BA4       3D         0
                text58                              9E2      9E2       29         0
                text57                              822      822        A         0
                text56                              908      908       19         0
                text55                              BE1      BE1       40         0
                text54                              C61      C61       42         0
                text53                              810      810        9         0
                text52                             17D2     17D2        5         0
                text51                             17D7     17D7        5         0
                text50                              95B      95B       1F         0
                text49                              836      836        B         0
                text48                              82C      82C        A         0
                text47                              894      894       11         0
                text46                              C21      C21       40         0
                text45                              CA3      CA3       42         0
                text44                              819      819        9         0
                text43                             17DC     17DC        5         0
                text42                             17E1     17E1        5         0
                text41                              AF2      AF2       39         0
                text40                             17E6     17E6        6         0
                text39                              800      800        8         0
                text38                              8C8      8C8       15         0
                text37                              CE5      CE5       49         0
                text36                              84D      84D        E         0
                text35                              808      808        8         0
                text34                              97A      97A       22         0
                text33                              408      408       D6         0
                text32                              B2B      B2B       3C         0
                text31                              D83      D83       65         0
                text30                              162      162       F6         0
                text29                              93D      93D       1E         0
                text28                              99C      99C       22         0
                text27                              592      592       A9         0
                text26                              4DE      4DE       B4         0
                text25                              778      778       87         0
                text24                              F66      F66       9A         0
                text23                             17F2     17F2        7         0
                text22                              A0B      A0B       29         0
                text21                              ABD      ABD       35         0
                text20                              A34      A34       2D         0
                text19                              8DD      8DD       15         0
                text18                               39       39      129         0
                text17                              63B      63B       A2         0
                text16                              8B6      8B6       12         0
                text15                              A61      A61       2D         0
                text14                              6DD      6DD       9B         0
                text13                              85B      85B        E         0
                text12                              869      869        E         0
                text11                              D2E      D2E       55         0
                text10                              9BE      9BE       24         0
                text9                               E63      E63       81         0
                text8                               A8E      A8E       2F         0
                text7                               8A5      8A5       11         0
                text6                               877      877        E         0
                text5                               330      330       D8         0
                text4                               885      885        F         0
                text3                               258      258       D8         0
                text2                               841      841        C         0
                text1                               8F2      8F2       16         0
                maintext                           17F9     17F9        7         0
                clrtext                            17EC     17EC        6         0

        CLASS   STRCODE        

        CLASS   STRING         

        CLASS   CONST          

        CLASS   ENTRY          

        CLASS   COMMON         
                cstackCOMMON                         70       70        D         1

        CLASS   BANK0          
                cstackBANK0                          20       20       50         1

        CLASS   BANK1          
                cstackBANK1                          E5       E5        3         1
                bssBANK1                             A0       A0       45         1

        CLASS   BANK2          
                bssBANK2                            120      120       12         1

        CLASS   BANK3          

        CLASS   BANK4          

        CLASS   BANK5          

        CLASS   BANK6          

        CLASS   BANK7          

        CLASS   BANK8          

        CLASS   BANK9          

        CLASS   BANK10         

        CLASS   BANK11         

        CLASS   BANK12         

        CLASS   BIGRAM         

        CLASS   RAM            

        CLASS   ABS1           
                abs_s1                               7E       7E        2         1

        CLASS   SFR0           

        CLASS   SFR1           

        CLASS   SFR2           

        CLASS   SFR3           

        CLASS   SFR4           

        CLASS   SFR5           

        CLASS   SFR6           

        CLASS   SFR7           

        CLASS   SFR8           

        CLASS   SFR9           

        CLASS   SFR10          

        CLASS   SFR11          

        CLASS   SFR12          

        CLASS   SFR13          

        CLASS   SFR14          

        CLASS   SFR15          

        CLASS   SFR16          

        CLASS   SFR17          

        CLASS   SFR18          

        CLASS   SFR19          

        CLASS   SFR20          

        CLASS   SFR21          

        CLASS   SFR22          

        CLASS   SFR23          

        CLASS   SFR24          

        CLASS   SFR25          

        CLASS   SFR26          

        CLASS   SFR27          

        CLASS   SFR28          

        CLASS   SFR29          

        CLASS   SFR30          

        CLASS   SFR31          

        CLASS   CONFIG         
                config                             8007     8007        2         0

        CLASS   IDLOC          

        CLASS   EEDATA         

        CLASS   BANK31         

        CLASS   BANK30         

        CLASS   BANK29         

        CLASS   BANK28         

        CLASS   BANK27         

        CLASS   BANK26         

        CLASS   BANK25         

        CLASS   BANK24         

        CLASS   BANK23         

        CLASS   BANK22         

        CLASS   BANK21         

        CLASS   BANK20         

        CLASS   BANK19         

        CLASS   BANK18         

        CLASS   BANK17         

        CLASS   BANK16         

        CLASS   BANK15         

        CLASS   BANK14         

        CLASS   BANK13         



SEGMENTS        Name                           Load    Length   Top    Selector   Space  Class     Delta

                reset_vec                      000000  000003  000003         0       0  CODE        2
                intentry                       000004  0007FB  0007FF         8       0  CODE        2
                cstackBANK0                    000020  000050  000070        20       1  BANK0       1
                cstackCOMMON                   000070  00000D  00007D        70       1  COMMON      1
                bssBANK1                       0000A0  000048  0000E8        A0       1  BANK1       1
                bssBANK2                       000120  000012  000132       120       1  BANK2       1
                text39                         000800  000008  000808      1000       0  CODE        2
                text35                         000808  000008  000810      1010       0  CODE        2
                text53                         000810  000009  000819      1020       0  CODE        2
                text44                         000819  000009  000822      1032       0  CODE        2
                text57                         000822  00000A  00082C      1044       0  CODE        2
                text48                         00082C  00000A  000836      1058       0  CODE        2
                text49                         000836  00000B  000841      106C       0  CODE        2
                text2                          000841  00000C  00084D      1082       0  CODE        2
                text36                         00084D  00000E  00085B      109A       0  CODE        2
                text13                         00085B  00000E  000869      10B6       0  CODE        2
                text12                         000869  00000E  000877      10D2       0  CODE        2
                text6                          000877  00000E  000885      10EE       0  CODE        2
                text4                          000885  00000F  000894      110A       0  CODE        2
                text47                         000894  000011  0008A5      1128       0  CODE        2
                text7                          0008A5  000011  0008B6      114A       0  CODE        2
                text16                         0008B6  000012  0008C8      116C       0  CODE        2
                text38                         0008C8  000015  0008DD      1190       0  CODE        2
                text19                         0008DD  000015  0008F2      11BA       0  CODE        2
                text1                          0008F2  000016  000908      11E4       0  CODE        2
                text56                         000908  000019  000921      1210       0  CODE        2
                text61                         000921  00001C  00093D      1242       0  CODE        2
                text29                         00093D  00001E  00095B      127A       0  CODE        2
                text50                         00095B  00001F  00097A      12B6       0  CODE        2
                text34                         00097A  000022  00099C      12F4       0  CODE        2
                text28                         00099C  000022  0009BE      1338       0  CODE        2
                text10                         0009BE  000024  0009E2      137C       0  CODE        2
                text58                         0009E2  000029  000A0B      13C4       0  CODE        2
                text22                         000A0B  000029  000A34      1416       0  CODE        2
                text20                         000A34  00002D  000A61      1468       0  CODE        2
                text15                         000A61  00002D  000A8E      14C2       0  CODE        2
                text8                          000A8E  00002F  000ABD      151C       0  CODE        2
                text21                         000ABD  000035  000AF2      157A       0  CODE        2
                text41                         000AF2  000039  000B2B      15E4       0  CODE        2
                text32                         000B2B  00003C  000B67      1656       0  CODE        2
                text60                         000B67  00003D  000BA4      16CE       0  CODE        2
                text59                         000BA4  00003D  000BE1      1748       0  CODE        2
                text55                         000BE1  000040  000C21      17C2       0  CODE        2
                text46                         000C21  000040  000C61      1842       0  CODE        2
                text54                         000C61  000042  000CA3      18C2       0  CODE        2
                text45                         000CA3  000042  000CE5      1946       0  CODE        2
                text37                         000CE5  000049  000D2E      19CA       0  CODE        2
                text11                         000D2E  000055  000D83      1A5C       0  CODE        2
                text31                         000D83  000065  000DE8      1B06       0  CODE        2
                text64                         000DE8  00007B  000E63      1BD0       0  CODE        2
                text9                          000E63  000081  000EE4      1CC6       0  CODE        2
                text62                         000EE4  000082  000F66      1DC8       0  CODE        2
                text24                         000F66  00009A  001000      1ECC       0  CODE        2
                text52                         0017D2  000005  0017D7      2FA4       0  CODE        2
                text51                         0017D7  000005  0017DC      2FAE       0  CODE        2
                text43                         0017DC  000005  0017E1      2FB8       0  CODE        2
                text42                         0017E1  000005  0017E6      2FC2       0  CODE        2
                text40                         0017E6  000006  0017EC      2FCC       0  CODE        2
                clrtext                        0017EC  000006  0017F2      2FD8       0  CODE        2
                text23                         0017F2  000007  0017F9      2FE4       0  CODE        2
                maintext                       0017F9  000007  001800      2FF2       0  CODE        2
                config                         008007  000002  008009     1000E       0  CONFIG      2


UNUSED ADDRESS RANGES

        Name                Unused          Largest block    Delta
        BANK1            000E8-000EF               8           1
        BANK10           00520-0056F              50           1
        BANK11           005A0-005EF              50           1
        BANK12           00620-0064F              30           1
        BANK2            00132-0016F              3E           1
        BANK3            001A0-001EF              50           1
        BANK4            00220-0026F              50           1
        BANK5            002A0-002EF              50           1
        BANK6            00320-0036F              50           1
        BANK7            003A0-003EF              50           1
        BANK8            00420-0046F              50           1
        BANK9            004A0-004EF              50           1
        BIGRAM           02000-023EF             3F0           1
        CODE             00003-00003               1           2
                         007FF-007FF               1
                         01000-017D1             7D2
                         01800-03FFF             800
        COMMON           0007D-0007D               1           1
        CONST            00003-00003               1           2
                         007FF-007FF               1
                         01000-017D1             100
                         01800-03FFF             100
        EEDATA           0F000-0F0FF             100           2
        ENTRY            00003-00003               1           2
                         007FF-007FF               1
                         01000-017D1             100
                         01800-03FFF             100
        IDLOC            08000-08003               4           2
        RAM              000E8-000EF               8           1
                         00132-0016F              3E
                         001A0-001EF              50
                         00220-0026F              50
                         002A0-002EF              50
                         00320-0036F              50
                         003A0-003EF              50
                         00420-0046F              50
                         004A0-004EF              50
                         00520-0056F              50
                         005A0-005EF              50
                         00620-0064F              30
        SFR0             00000-0001F              20           1
        SFR1             00080-0009F              20           1
        SFR10            00500-0051F              20           1
        SFR11            00580-0059F              20           1
        SFR12            00600-0061F              20           1
        SFR13            00680-006EF              70           1
        SFR14            00700-0076F              70           1
        SFR15            00780-007EF              70           1
        SFR16            00800-0086F              70           1
        SFR17            00880-008EF              70           1
        SFR18            00900-0096F              70           1
        SFR19            00980-009EF              70           1
        SFR2             00100-0011F              20           1
        SFR20            00A00-00A6F              70           1
        SFR21            00A80-00AEF              70           1
        SFR22            00B00-00B6F              70           1
        SFR23            00B80-00BEF              70           1
        SFR24            00C00-00C6F              70           1
        SFR25            00C80-00CEF              70           1
        SFR26            00D00-00D6F              70           1
        SFR27            00D80-00DEF              70           1
        SFR28            00E00-00E6F              70           1
        SFR29            00E80-00EEF              70           1
        SFR3             00180-0019F              20           1
        SFR30            00F00-00F6F              70           1
        SFR31            00F80-00FEF              70           1
        SFR4             00200-0021F              20           1
        SFR5             00280-0029F              20           1
        SFR6             00300-0031F              20           1
        SFR7             00380-0039F              20           1
        SFR8             00400-0041F              20           1
        SFR9             00480-0049F              20           1
        STACK            020B2-023EF             33E           1
        STRCODE          00003-00003               1           2
                         007FF-007FF               1
                         01000-017D1             7D2
                         01800-03FFF            2800
        STRING           00003-00003               1           2
                         007FF-007FF               1
                         01000-017D1             100
                         01800-03FFF             100

                                  Symbol Table

?___aldiv                    cstackBANK0  00026
?___awtoft                   cstackBANK0  00028
?___ftadd                    cstackBANK0  00028
?___ftdiv                    cstackBANK0  0002C
?___ftmul                    cstackBANK0  0003C
?___ftpack                   cstackBANK0  00020
?___ftsub                    cstackBANK0  00035
?___fttol                    cstackBANK0  0004C
?___lwdiv                    cstackBANK0  00020
?___lwmod                    cstackBANK0  00028
?___lwtoft                   cstackBANK0  00028
?___wmul                     cstackBANK0  00020
?_adcRead                    cstackBANK0  00020
?_adcTodac                   cstackBANK0  0005A
?_get_millis                 cstackBANK0  00020
?_millis                     cstackBANK0  00020
I2CAck@now                   cstackBANK0  00030
I2CAck@prev                  cstackBANK0  00034
I2CAck_2@now                 cstackBANK0  00030
I2CAck_2@prev                cstackBANK0  00034
I2CInit@freq                 cstackBANK0  00035
I2CInit_2@freq               cstackBANK0  00035
I2CSend@dat                  cstackBANK0  00038
I2CSend_2@dat                cstackBANK0  00038
I2CWait@now                  cstackBANK0  00030
I2CWait@prev                 cstackBANK0  00034
I2CWait_2@now                cstackBANK0  00030
I2CWait_2@prev               cstackBANK0  00034
I2C_AS1115_Write@cmd         cstackBANK0  0003A
I2C_AS1115_Write@data        cstackBANK0  00039
I2C_DAC_Write@address        cstackBANK0  0003C
I2C_DAC_Write@data           cstackBANK0  00039
_ADCON0bits                  (abs)        0009D
_ADCON1bits                  (abs)        0009E
_ADRESH                      (abs)        0009C
_ADRESL                      (abs)        0009B
_ANSELA                      (abs)        0018C
_ANSELE                      (abs)        00190
_ANSELF                      (abs)        0040C
_ANSELG                      (abs)        0040D
_APFCONbits                  (abs)        0011D
_CCP2CONbits                 (abs)        0029A
_CCP3CONbits                 (abs)        00313
_CCPR2L                      (abs)        00298
_CCPR3L                      (abs)        00311
_CCPTMRS0bits                (abs)        0029E
_GIE                         (abs)        0005F
_I2CAck                      text55       00BE1
_I2CAck_2                    text46       00C21
_I2CInit                     text60       00B67
_I2CInit_2                   text59       00BA4
_I2CSend                     text53       00810
_I2CSend_2                   text44       00819
_I2CStart                    text52       017D2
_I2CStart_2                  text43       017DC
_I2CStop                     text51       017D7
_I2CStop_2                   text42       017E1
_I2CWait                     text54       00C61
_I2CWait_2                   text45       00CA3
_I2C_AS1115_Write            text50       0095B
_I2C_DAC_Write               text41       00AF2
_INTCONbits                  (abs)        0000B
_LATA                        (abs)        0010C
_LATB                        (abs)        0010D
_LATBbits                    (abs)        0010D
_LATC                        (abs)        0010E
_LATCbits                    (abs)        0010E
_LATD                        (abs)        0010F
_LATDbits                    (abs)        0010F
_LATE                        (abs)        00110
_LATEbits                    (abs)        00110
_LATF                        (abs)        0038C
_LATG                        (abs)        0038D
_OPTION_REGbits              (abs)        00095
_OSCCONbits                  (abs)        00099
_PIR1bits                    (abs)        00011
_PIR4bits                    (abs)        00014
_PORTA                       (abs)        0000C
_PORTB                       (abs)        0000D
_PORTC                       (abs)        0000E
_PORTD                       (abs)        0000F
_PORTE                       (abs)        00010
_PORTF                       (abs)        0028C
_PORTFbits                   (abs)        0028C
_PORTG                       (abs)        0028D
_PR2                         (abs)        0001B
_PR4                         (abs)        00416
_SSP1ADD                     (abs)        00212
_SSP1BUF                     (abs)        00211
_SSP1CON1bits                (abs)        00215
_SSP1CON2                    (abs)        00216
_SSP1CON2bits                (abs)        00216
_SSP1STAT                    (abs)        00214
_SSP1STATbits                (abs)        00214
_SSP2ADD                     (abs)        0021A
_SSP2BUF                     (abs)        00219
_SSP2CON1bits                (abs)        0021D
_SSP2CON2                    (abs)        0021E
_SSP2CON2bits                (abs)        0021E
_SSP2STAT                    (abs)        0021C
_SSP2STATbits                (abs)        0021C
_T2CONbits                   (abs)        0001C
_T4CONbits                   (abs)        00417
_TMR0                        (abs)        00015
_TRISA                       (abs)        0008C
_TRISB                       (abs)        0008D
_TRISC                       (abs)        0008E
_TRISD                       (abs)        0008F
_TRISE                       (abs)        00090
_TRISF                       (abs)        0030C
_TRISG                       (abs)        0030D
_Timer                       bssBANK1     000B5
_WDTCONbits                  (abs)        00097
_WPUB                        (abs)        0020D
_WPUG                        (abs)        0048D
__CFG_BOREN$ON               (abs)        00000
__CFG_CLKOUTEN$OFF           (abs)        00000
__CFG_CP$OFF                 (abs)        00000
__CFG_CPD$OFF                (abs)        00000
__CFG_FCMEN$OFF              (abs)        00000
__CFG_FOSC$INTOSC            (abs)        00000
__CFG_IESO$OFF               (abs)        00000
__CFG_MCLRE$OFF              (abs)        00000
__CFG_PLLEN$ON               (abs)        00000
__CFG_PWRTE$OFF              (abs)        00000
__CFG_WDTE$OFF               (abs)        00000
__Habs1                      abs1         00000
__Hbank0                     bank0        00000
__Hbank1                     bank1        00000
__Hbank10                    bank10       00000
__Hbank11                    bank11       00000
__Hbank12                    bank12       00000
__Hbank13                    bank13       00000
__Hbank14                    bank14       00000
__Hbank15                    bank15       00000
__Hbank16                    bank16       00000
__Hbank17                    bank17       00000
__Hbank18                    bank18       00000
__Hbank19                    bank19       00000
__Hbank2                     bank2        00000
__Hbank20                    bank20       00000
__Hbank21                    bank21       00000
__Hbank22                    bank22       00000
__Hbank23                    bank23       00000
__Hbank24                    bank24       00000
__Hbank25                    bank25       00000
__Hbank26                    bank26       00000
__Hbank27                    bank27       00000
__Hbank28                    bank28       00000
__Hbank29                    bank29       00000
__Hbank3                     bank3        00000
__Hbank30                    bank30       00000
__Hbank31                    bank31       00000
__Hbank4                     bank4        00000
__Hbank5                     bank5        00000
__Hbank6                     bank6        00000
__Hbank7                     bank7        00000
__Hbank8                     bank8        00000
__Hbank9                     bank9        00000
__Hbigram                    bigram       00000
__HbssBANK1                  bssBANK1     00000
__HbssBANK2                  bssBANK2     00000
__Hcinit                     cinit        00039
__Hclrtext                   clrtext      00000
__Hcode                      code         00000
__Hcommon                    common       00000
__Hconfig                    config       08009
__HcstackBANK0               cstackBANK0  00000
__HcstackBANK1               cstackBANK1  00000
__HcstackCOMMON              cstackCOMMON 00000
__Heeprom_data               eeprom_data  00000
__Hend_init                  end_init     00026
__Hfunctab                   functab      00000
__Hidloc                     idloc        00000
__Hinit                      init         00024
__Hintentry                  intentry     00024
__Hmaintext                  maintext     00000
__Hpowerup                   powerup      00000
__Hram                       ram          00000
__Hreset_vec                 reset_vec    00003
__Hsfr0                      sfr0         00000
__Hsfr1                      sfr1         00000
__Hsfr10                     sfr10        00000
__Hsfr11                     sfr11        00000
__Hsfr12                     sfr12        00000
__Hsfr13                     sfr13        00000
__Hsfr14                     sfr14        00000
__Hsfr15                     sfr15        00000
__Hsfr16                     sfr16        00000
__Hsfr17                     sfr17        00000
__Hsfr18                     sfr18        00000
__Hsfr19                     sfr19        00000
__Hsfr2                      sfr2         00000
__Hsfr20                     sfr20        00000
__Hsfr21                     sfr21        00000
__Hsfr22                     sfr22        00000
__Hsfr23                     sfr23        00000
__Hsfr24                     sfr24        00000
__Hsfr25                     sfr25        00000
__Hsfr26                     sfr26        00000
__Hsfr27                     sfr27        00000
__Hsfr28                     sfr28        00000
__Hsfr29                     sfr29        00000
__Hsfr3                      sfr3         00000
__Hsfr30                     sfr30        00000
__Hsfr31                     sfr31        00000
__Hsfr4                      sfr4         00000
__Hsfr5                      sfr5         00000
__Hsfr6                      sfr6         00000
__Hsfr7                      sfr7         00000
__Hsfr8                      sfr8         00000
__Hsfr9                      sfr9         00000
__Hspace_0                   (abs)        08009
__Hspace_1                   (abs)        00132
__Hspace_2                   (abs)        00000
__Hspace_3                   (abs)        00000
__Hstack                     stack        00000
__Hstrings                   strings      00000
__Htext                      text         00000
__Labs1                      abs1         00000
__Lbank0                     bank0        00000
__Lbank1                     bank1        00000
__Lbank10                    bank10       00000
__Lbank11                    bank11       00000
__Lbank12                    bank12       00000
__Lbank13                    bank13       00000
__Lbank14                    bank14       00000
__Lbank15                    bank15       00000
__Lbank16                    bank16       00000
__Lbank17                    bank17       00000
__Lbank18                    bank18       00000
__Lbank19                    bank19       00000
__Lbank2                     bank2        00000
__Lbank20                    bank20       00000
__Lbank21                    bank21       00000
__Lbank22                    bank22       00000
__Lbank23                    bank23       00000
__Lbank24                    bank24       00000
__Lbank25                    bank25       00000
__Lbank26                    bank26       00000
__Lbank27                    bank27       00000
__Lbank28                    bank28       00000
__Lbank29                    bank29       00000
__Lbank3                     bank3        00000
__Lbank30                    bank30       00000
__Lbank31                    bank31       00000
__Lbank4                     bank4        00000
__Lbank5                     bank5        00000
__Lbank6                     bank6        00000
__Lbank7                     bank7        00000
__Lbank8                     bank8        00000
__Lbank9                     bank9        00000
__Lbigram                    bigram       00000
__LbssBANK1                  bssBANK1     00000
__LbssBANK2                  bssBANK2     00000
__Lcinit                     cinit        00026
__Lclrtext                   clrtext      00000
__Lcode                      code         00000
__Lcommon                    common       00000
__Lconfig                    config       08007
__LcstackBANK0               cstackBANK0  00000
__LcstackBANK1               cstackBANK1  00000
__LcstackCOMMON              cstackCOMMON 00000
__Leeprom_data               eeprom_data  00000
__Lend_init                  end_init     00024
__Lfunctab                   functab      00000
__Lidloc                     idloc        00000
__Linit                      init         00024
__Lintentry                  intentry     00004
__Lmaintext                  maintext     00000
__Lpowerup                   powerup      00000
__Lram                       ram          00000
__Lreset_vec                 reset_vec    00000
__Lsfr0                      sfr0         00000
__Lsfr1                      sfr1         00000
__Lsfr10                     sfr10        00000
__Lsfr11                     sfr11        00000
__Lsfr12                     sfr12        00000
__Lsfr13                     sfr13        00000
__Lsfr14                     sfr14        00000
__Lsfr15                     sfr15        00000
__Lsfr16                     sfr16        00000
__Lsfr17                     sfr17        00000
__Lsfr18                     sfr18        00000
__Lsfr19                     sfr19        00000
__Lsfr2                      sfr2         00000
__Lsfr20                     sfr20        00000
__Lsfr21                     sfr21        00000
__Lsfr22                     sfr22        00000
__Lsfr23                     sfr23        00000
__Lsfr24                     sfr24        00000
__Lsfr25                     sfr25        00000
__Lsfr26                     sfr26        00000
__Lsfr27                     sfr27        00000
__Lsfr28                     sfr28        00000
__Lsfr29                     sfr29        00000
__Lsfr3                      sfr3         00000
__Lsfr30                     sfr30        00000
__Lsfr31                     sfr31        00000
__Lsfr4                      sfr4         00000
__Lsfr5                      sfr5         00000
__Lsfr6                      sfr6         00000
__Lsfr7                      sfr7         00000
__Lsfr8                      sfr8         00000
__Lsfr9                      sfr9         00000
__Lspace_0                   (abs)        00000
__Lspace_1                   (abs)        00000
__Lspace_2                   (abs)        00000
__Lspace_3                   (abs)        00000
__Lstack                     stack        00000
__Lstrings                   strings      00000
__Ltext                      text         00000
__S0                         (abs)        08009
__S1                         (abs)        00132
__S2                         (abs)        00000
__S3                         (abs)        00000
___aldiv                     text62       00EE4
___aldiv@counter             cstackBANK0  0002F
___aldiv@dividend            cstackBANK0  0002A
___aldiv@divisor             cstackBANK0  00026
___aldiv@quotient            cstackBANK0  00031
___aldiv@sign                cstackBANK0  00030
___awtoft                    text28       0099C
___awtoft@c                  cstackBANK0  00028
___awtoft@sign               cstackBANK0  0002D
___bmul                      text16       008B6
___bmul@multiplicand         cstackBANK0  00020
___bmul@multiplier           cstackBANK0  00023
___bmul@product              cstackBANK0  00022
___ftadd                     text30       00162
___ftadd@exp1                cstackBANK0  00034
___ftadd@exp2                cstackBANK0  00033
___ftadd@f1                  cstackBANK0  00028
___ftadd@f2                  cstackBANK0  0002B
___ftadd@sign                cstackBANK0  00032
___ftdiv                     text27       00592
___ftdiv@cntr                cstackBANK0  00036
___ftdiv@exp                 cstackBANK0  0003A
___ftdiv@f1                  cstackBANK0  0002F
___ftdiv@f2                  cstackBANK0  0002C
___ftdiv@f3                  cstackBANK0  00037
___ftdiv@sign                cstackBANK0  0003B
___ftge                      text32       00B2B
___ftge@ff1                  cstackBANK0  00020
___ftge@ff2                  cstackBANK0  00023
___ftmul                     text26       004DE
___ftmul@cntr                cstackBANK0  0004A
___ftmul@exp                 cstackBANK0  00046
___ftmul@f1                  cstackBANK0  0003C
___ftmul@f2                  cstackBANK0  0003F
___ftmul@f3_as_product       cstackBANK0  00047
___ftmul@sign                cstackBANK0  0004B
___ftpack                    text31       00D83
___ftpack@arg                cstackBANK0  00020
___ftpack@exp                cstackBANK0  00023
___ftpack@sign               cstackBANK0  00024
___ftsub                     text29       0093D
___ftsub@f1                  cstackBANK0  00038
___ftsub@f2                  cstackBANK0  00035
___fttol                     text25       00778
___fttol@exp1                cstackBANK0  00059
___fttol@f1                  cstackBANK0  0004C
___fttol@lval                cstackBANK0  00055
___fttol@sign1               cstackBANK0  00054
___int_sp                    stack        00000
___latbits                   (abs)        00003
___lwdiv                     text21       00ABD
___lwdiv@counter             cstackBANK0  00027
___lwdiv@dividend            cstackBANK0  00022
___lwdiv@divisor             cstackBANK0  00020
___lwdiv@quotient            cstackBANK0  00025
___lwmod                     text20       00A34
___lwmod@counter             cstackBANK0  0002D
___lwmod@dividend            cstackBANK0  0002A
___lwmod@divisor             cstackBANK0  00028
___lwtoft                    text19       008DD
___lwtoft@c                  cstackBANK0  00028
___sp                        stack        00000
___wmul                      text61       00921
___wmul@multiplicand         cstackBANK0  00022
___wmul@multiplier           cstackBANK0  00020
___wmul@product              cstackBANK0  00024
__end_of_I2CAck              text55       00C21
__end_of_I2CAck_2            text46       00C61
__end_of_I2CInit             text60       00BA4
__end_of_I2CInit_2           text59       00BE1
__end_of_I2CSend             text53       00819
__end_of_I2CSend_2           text44       00822
__end_of_I2CStart            text52       017D7
__end_of_I2CStart_2          text43       017E1
__end_of_I2CStop             text51       017DC
__end_of_I2CStop_2           text42       017E6
__end_of_I2CWait             text54       00CA3
__end_of_I2CWait_2           text45       00CE5
__end_of_I2C_AS1115_Write    text50       0097A
__end_of_I2C_DAC_Write       text41       00B2B
__end_of___aldiv             text62       00F66
__end_of___awtoft            text28       009BE
__end_of___bmul              text16       008C8
__end_of___ftadd             text30       00258
__end_of___ftdiv             text27       0063B
__end_of___ftge              text32       00B67
__end_of___ftmul             text26       00592
__end_of___ftpack            text31       00DE8
__end_of___ftsub             text29       0095B
__end_of___fttol             text25       007FF
__end_of___lwdiv             text21       00AF2
__end_of___lwmod             text20       00A61
__end_of___lwtoft            text19       008F2
__end_of___wmul              text61       0093D
__end_of__initialization     cinit        00035
__end_of_adcInit             text49       00841
__end_of_adcRead             text22       00A34
__end_of_adcTodac            text15       00A8E
__end_of_apInit              text33       004DE
__end_of_apMain              text1        00908
__end_of_buttons_init        text48       00836
__end_of_buttons_setFuncs    text47       008A5
__end_of_disp_kv             text18       00162
__end_of_disp_ma_result      text17       006DD
__end_of_event_anodeCurrent  text3        00330
__end_of_event_btn_Expose    text11       00D83
__end_of_event_btn_Stop      text10       009E2
__end_of_event_display       text5        00408
__end_of_event_expose        text6        00885
__end_of_event_rst           text4        00894
__end_of_event_timer_Button  text7        008B6
__end_of_get_millis          text58       00A0B
__end_of_initPort            text37       00D2E
__end_of_initTimer           text36       0085B
__end_of_init_millis         text57       0082C
__end_of_isr                 intentry     00024
__end_of_main                maintext     01800
__end_of_millis              text56       00921
__end_of_processButton       text9        00EE4
__end_of_processButtons      text8        00ABD
__end_of_pwmInit_ccp2        text24       01000
__end_of_pwmInit_ccp3        text14       00778
__end_of_pwmStart_ccp2       text13       00869
__end_of_pwmStart_ccp3       text12       00877
__end_of_pwmStop_ccp2        text40       017EC
__end_of_pwmStop_ccp3        text39       00808
__end_of_timerEventStart     text35       00810
__end_of_timerGetTick        text23       017F9
__end_of_timerInit           text34       0099C
__end_of_timerInterruptProc  text64       00E63
__end_of_timerProc           text2        0084D
__end_of_timerTickClear      text38       008DD
__initialization             cinit        00026
__pbssBANK1                  bssBANK1     000A0
__pbssBANK2                  bssBANK2     00120
__pcstackBANK0               cstackBANK0  00020
__pcstackBANK1               cstackBANK1  000E5
__pcstackCOMMON              cstackCOMMON 00070
__pintentry                  intentry     00004
__pmaintext                  maintext     017F9
__ptext1                     text1        008F2
__ptext10                    text10       009BE
__ptext11                    text11       00D2E
__ptext12                    text12       00869
__ptext13                    text13       0085B
__ptext14                    text14       006DD
__ptext15                    text15       00A61
__ptext16                    text16       008B6
__ptext17                    text17       0063B
__ptext18                    text18       00039
__ptext19                    text19       008DD
__ptext2                     text2        00841
__ptext20                    text20       00A34
__ptext21                    text21       00ABD
__ptext22                    text22       00A0B
__ptext23                    text23       017F2
__ptext24                    text24       00F66
__ptext25                    text25       00778
__ptext26                    text26       004DE
__ptext27                    text27       00592
__ptext28                    text28       0099C
__ptext29                    text29       0093D
__ptext3                     text3        00258
__ptext30                    text30       00162
__ptext31                    text31       00D83
__ptext32                    text32       00B2B
__ptext33                    text33       00408
__ptext34                    text34       0097A
__ptext35                    text35       00808
__ptext36                    text36       0084D
__ptext37                    text37       00CE5
__ptext38                    text38       008C8
__ptext39                    text39       00800
__ptext4                     text4        00885
__ptext40                    text40       017E6
__ptext41                    text41       00AF2
__ptext42                    text42       017E1
__ptext43                    text43       017DC
__ptext44                    text44       00819
__ptext45                    text45       00CA3
__ptext46                    text46       00C21
__ptext47                    text47       00894
__ptext48                    text48       0082C
__ptext49                    text49       00836
__ptext5                     text5        00330
__ptext50                    text50       0095B
__ptext51                    text51       017D7
__ptext52                    text52       017D2
__ptext53                    text53       00810
__ptext54                    text54       00C61
__ptext55                    text55       00BE1
__ptext56                    text56       00908
__ptext57                    text57       00822
__ptext58                    text58       009E2
__ptext59                    text59       00BA4
__ptext6                     text6        00877
__ptext60                    text60       00B67
__ptext61                    text61       00921
__ptext62                    text62       00EE4
__ptext64                    text64       00DE8
__ptext7                     text7        008A5
__ptext8                     text8        00A8E
__ptext9                     text9        00E63
__size_of_I2CAck             (abs)        00000
__size_of_I2CAck_2           (abs)        00000
__size_of_I2CInit            (abs)        00000
__size_of_I2CInit_2          (abs)        00000
__size_of_I2CSend            (abs)        00000
__size_of_I2CSend_2          (abs)        00000
__size_of_I2CStart           (abs)        00000
__size_of_I2CStart_2         (abs)        00000
__size_of_I2CStop            (abs)        00000
__size_of_I2CStop_2          (abs)        00000
__size_of_I2CWait            (abs)        00000
__size_of_I2CWait_2          (abs)        00000
__size_of_I2C_AS1115_Write   (abs)        00000
__size_of_I2C_DAC_Write      (abs)        00000
__size_of___aldiv            (abs)        00000
__size_of___awtoft           (abs)        00000
__size_of___bmul             (abs)        00000
__size_of___ftadd            (abs)        00000
__size_of___ftdiv            (abs)        00000
__size_of___ftge             (abs)        00000
__size_of___ftmul            (abs)        00000
__size_of___ftpack           (abs)        00000
__size_of___ftsub            (abs)        00000
__size_of___fttol            (abs)        00000
__size_of___lwdiv            (abs)        00000
__size_of___lwmod            (abs)        00000
__size_of___lwtoft           (abs)        00000
__size_of___wmul             (abs)        00000
__size_of_adcInit            (abs)        00000
__size_of_adcRead            (abs)        00000
__size_of_adcTodac           (abs)        00000
__size_of_apInit             (abs)        00000
__size_of_apMain             (abs)        00000
__size_of_buttons_init       (abs)        00000
__size_of_buttons_setFuncs   (abs)        00000
__size_of_disp_kv            (abs)        00000
__size_of_disp_ma_result     (abs)        00000
__size_of_event_anodeCurrent (abs)        00000
__size_of_event_btn_Expose   (abs)        00000
__size_of_event_btn_Stop     (abs)        00000
__size_of_event_display      (abs)        00000
__size_of_event_expose       (abs)        00000
__size_of_event_rst          (abs)        00000
__size_of_event_timer_Button (abs)        00000
__size_of_get_millis         (abs)        00000
__size_of_initPort           (abs)        00000
__size_of_initTimer          (abs)        00000
__size_of_init_millis        (abs)        00000
__size_of_isr                (abs)        00000
__size_of_main               (abs)        00000
__size_of_millis             (abs)        00000
__size_of_processButton      (abs)        00000
__size_of_processButtons     (abs)        00000
__size_of_pwmInit_ccp2       (abs)        00000
__size_of_pwmInit_ccp3       (abs)        00000
__size_of_pwmStart_ccp2      (abs)        00000
__size_of_pwmStart_ccp3      (abs)        00000
__size_of_pwmStop_ccp2       (abs)        00000
__size_of_pwmStop_ccp3       (abs)        00000
__size_of_timerEventStart    (abs)        00000
__size_of_timerGetTick       (abs)        00000
__size_of_timerInit          (abs)        00000
__size_of_timerInterruptProc (abs)        00000
__size_of_timerProc          (abs)        00000
__size_of_timerTickClear     (abs)        00000
_adcInit                     text49       00836
_adcRead                     text22       00A0B
_adcTodac                    text15       00A61
_apInit                      text33       00408
_apMain                      text1        008F2
_buttons                     bssBANK2     00120
_buttons_init                text48       0082C
_buttons_setFuncs            text47       00894
_cmd                         bssBANK1     000A0
_disp_kv                     text18       00039
_disp_ma_result              text17       0063B
_event_anodeCurrent          text3        00258
_event_btn_Expose            text11       00D2E
_event_btn_Stop              text10       009BE
_event_display               text5        00330
_event_expose                text6        00877
_event_rst                   text4        00885
_event_timer_Button          text7        008A5
_get_millis                  text58       009E2
_initPort                    text37       00CE5
_initTimer                   text36       0084D
_init_millis                 text57       00822
_isr                         intentry     00004
_main                        maintext     017F9
_millis                      text56       00908
_processButton               text9        00E63
_processButtons              text8        00A8E
_pwmInit_ccp2                text24       00F66
_pwmInit_ccp3                text14       006DD
_pwmStart_ccp2               text13       0085B
_pwmStart_ccp3               text12       00869
_pwmStop_ccp2                text40       017E6
_pwmStop_ccp3                text39       00800
_timer0_millis               bssBANK1     000B1
_timerEventStart             text35       00808
_timerGetTick                text23       017F2
_timerInit                   text34       0097A
_timerInterruptProc          text64       00DE8
_timerProc                   text2        00841
_timerTickClear              text38       008C8
adcRead@channel              cstackBANK0  00023
adcTodac@data                cstackBANK0  0005A
adcTodac@temp                cstackBANK0  0005C
apInit@D_temp                cstackBANK0  00042
btemp                        (abs)        0007E
buttons_setFuncs@btn1        cstackBANK0  00020
buttons_setFuncs@btn2        cstackBANK0  00022
clear_ram0                   clrtext      017EC
disp_kv@data                 cstackBANK0  0005A
disp_kv@temp                 cstackBANK0  0005D
disp_kv@temp2                cstackBANK0  00060
disp_ma_result@data          cstackBANK0  0005A
disp_ma_result@temp          cstackBANK0  0005D
disp_ma_result@temp2         cstackBANK0  00060
end_of_initialization        cinit        00035
event_btn_Expose@ret         cstackBANK0  00064
event_btn_Expose@temp        cstackBANK0  00065
event_btn_Stop@ret           cstackBANK0  0003E
event_btn_Stop@temp          cstackBANK0  0003F
get_millis@now               cstackBANK0  00020
get_millis@prev_now          cstackBANK0  00024
int$flags                    (abs)        0007E
intlevel0                    functab      00000
intlevel1                    functab      00000
intlevel2                    functab      00000
intlevel3                    functab      00000
intlevel4                    functab      00000
intlevel5                    functab      00000
ltemp                        (abs)        0007E
ltemp0                       (abs)        0007E
ltemp1                       (abs)        00082
ltemp2                       (abs)        00086
ltemp3                       (abs)        00080
millis@ms                    cstackBANK0  00024
processButton@button         cstackBANK0  0006C
processButton@isPressed      cstackBANK0  00067
processButtons@i             cstackBANK1  000E7
processButtons@isPressed     cstackBANK1  000E5
pwmInit_ccp2@ccpr1l_ccp1con  cstackBANK0  00061
pwmInit_ccp2@duty            cstackBANK0  0005C
pwmInit_ccp2@freq            cstackBANK0  0005A
pwmInit_ccp3@ccpr3l_ccp3con  cstackBANK0  00061
pwmInit_ccp3@duty            cstackBANK0  0005C
pwmInit_ccp3@freq            cstackBANK0  0005A
reset_vec                    reset_vec    00000
stackhi                      (abs)        023EF
stacklo                      (abs)        020B2
start                        init         00024
start_initialization         cinit        00026
timerEventStart@time         cstackBANK0  00020
timerGetTick@time            cstackBANK0  00020
timerInit@func               cstackBANK0  00022
timerInit@time               cstackBANK0  00024
timerInit@timeSet            cstackBANK0  00020
timerInterruptProc@ch_count  cstackCOMMON 00070
timerInterruptProc@i         cstackCOMMON 0007A
timerInterruptProc@time      cstackCOMMON 00079
timerProc@time               cstackBANK0  0006F
timerTickClear@start         cstackBANK0  00020
timerTickClear@time          cstackBANK0  00022
ttemp                        (abs)        0007E
ttemp0                       (abs)        0007E
ttemp1                       (abs)        00081
ttemp2                       (abs)        00084
ttemp3                       (abs)        00087
ttemp4                       (abs)        0007F
wtemp                        (abs)        0007E
wtemp0                       (abs)        0007E
wtemp1                       (abs)        00080
wtemp2                       (abs)        00082
wtemp3                       (abs)        00084
wtemp4                       (abs)        00086
wtemp5                       (abs)        00088
wtemp6                       (abs)        0007F


FUNCTION INFORMATION:

 *************** function _main *****************
 Defined at:
		line 11 in file "main.c"
 Parameters:    Size  Location     Type
		None
 Auto vars:     Size  Location     Type
		None
 Return value:  Size  Location     Type
                  1    wreg      void 
 Registers used:
		wreg, fsr1l, fsr1h, status,2, status,0, pclath, cstack
 Tracked objects:
		On entry : 
		On exit  : 
		Unchanged: 
 Data sizes:     COMMON   BANK0   BANK1   BANK2   BANK3   BANK4   BANK5   BANK6   BANK7   BANK8   BANK9  BANK10  BANK11  BANK12
      Params:         0       0       0       0       0       0       0       0       0       0       0       0       0       0
      Locals:         0       0       0       0       0       0       0       0       0       0       0       0       0       0
      Temps:          0       0       0       0       0       0       0       0       0       0       0       0       0       0
      Totals:         0       0       0       0       0       0       0       0       0       0       0       0       0       0
Total ram usage:        0 bytes
 Hardware stack levels required when called:   12
 This function calls:
		_apInit
		_apMain
 This function is called by:
		Startup code after reset
 This function uses a non-reentrant model


 *************** function _apMain *****************
 Defined at:
		line 236 in file "ap.c"
 Parameters:    Size  Location     Type
		None
 Auto vars:     Size  Location     Type
		None
 Return value:  Size  Location     Type
                  1    wreg      void 
 Registers used:
		wreg, fsr1l, fsr1h, status,2, status,0, pclath, cstack
 Tracked objects:
		On entry : 
		On exit  : 
		Unchanged: 
 Data sizes:     COMMON   BANK0   BANK1   BANK2   BANK3   BANK4   BANK5   BANK6   BANK7   BANK8   BANK9  BANK10  BANK11  BANK12
      Params:         0       0       0       0       0       0       0       0       0       0       0       0       0       0
      Locals:         0       0       0       0       0       0       0       0       0       0       0       0       0       0
      Temps:          0       0       0       0       0       0       0       0       0       0       0       0       0       0
      Totals:         0       0       0       0       0       0       0       0       0       0       0       0       0       0
Total ram usage:        0 bytes
 Hardware stack levels used:    1
 Hardware stack levels required when called:   11
 This function calls:
		_timerProc
 This function is called by:
		_main
 This function uses a non-reentrant model


 *************** function _timerProc *****************
 Defined at:
		line 19 in file "timer.c"
 Parameters:    Size  Location     Type
  time            1    wreg     PTR struct .
		 -> Timer(48), 
 Auto vars:     Size  Location     Type
  time            1   79[BANK0 ] PTR struct .
		 -> Timer(48), 
 Return value:  Size  Location     Type
                  1    wreg      void 
 Registers used:
		wreg, fsr1l, fsr1h, status,2, status,0, pclath, cstack
 Tracked objects:
		On entry : 
		On exit  : 
		Unchanged: 
 Data sizes:     COMMON   BANK0   BANK1   BANK2   BANK3   BANK4   BANK5   BANK6   BANK7   BANK8   BANK9  BANK10  BANK11  BANK12
      Params:         0       0       0       0       0       0       0       0       0       0       0       0       0       0
      Locals:         0       1       0       0       0       0       0       0       0       0       0       0       0       0
      Temps:          0       0       0       0       0       0       0       0       0       0       0       0       0       0
      Totals:         0       1       0       0       0       0       0       0       0       0       0       0       0       0
Total ram usage:        1 bytes
 Hardware stack levels used:    1
 Hardware stack levels required when called:   10
 This function calls:
		_event_anodeCurrent
		_event_display
		_event_expose
		_event_rst
		_event_timer_Button
 This function is called by:
		_apMain
 This function uses a non-reentrant model


 *************** function _event_anodeCurrent *****************
 Defined at:
		line 148 in file "ap.c"
 Parameters:    Size  Location     Type
		None
 Auto vars:     Size  Location     Type
		None
 Return value:  Size  Location     Type
                  1    wreg      void 
 Registers used:
		wreg, fsr1l, fsr1h, status,2, status,0, pclath, cstack
 Tracked objects:
		On entry : 
		On exit  : 
		Unchanged: 
 Data sizes:     COMMON   BANK0   BANK1   BANK2   BANK3   BANK4   BANK5   BANK6   BANK7   BANK8   BANK9  BANK10  BANK11  BANK12
      Params:         0       0       0       0       0       0       0       0       0       0       0       0       0       0
      Locals:         0       0       0       0       0       0       0       0       0       0       0       0       0       0
      Temps:          0       2       0       0       0       0       0       0       0       0       0       0       0       0
      Totals:         0       2       0       0       0       0       0       0       0       0       0       0       0       0
Total ram usage:        2 bytes
 Hardware stack levels used:    1
 Hardware stack levels required when called:    5
 This function calls:
		___ftadd
		___ftge
		___ftsub
		_pwmInit_ccp2
		_timerGetTick
		_timerTickClear
 This function is called by:
		_apInit
		_timerProc
 This function uses a non-reentrant model


 *************** function _event_rst *****************
 Defined at:
		line 136 in file "ap.c"
 Parameters:    Size  Location     Type
		None
 Auto vars:     Size  Location     Type
		None
 Return value:  Size  Location     Type
                  1    wreg      void 
 Registers used:
		wreg, fsr1l, fsr1h, status,2, status,0, pclath, cstack
 Tracked objects:
		On entry : 
		On exit  : 
		Unchanged: 
 Data sizes:     COMMON   BANK0   BANK1   BANK2   BANK3   BANK4   BANK5   BANK6   BANK7   BANK8   BANK9  BANK10  BANK11  BANK12
      Params:         0       0       0       0       0       0       0       0       0       0       0       0       0       0
      Locals:         0       0       0       0       0       0       0       0       0       0       0       0       0       0
      Temps:          0       0       0       0       0       0       0       0       0       0       0       0       0       0
      Totals:         0       0       0       0       0       0       0       0       0       0       0       0       0       0
Total ram usage:        0 bytes
 Hardware stack levels used:    1
 Hardware stack levels required when called:    3
 This function calls:
		_timerGetTick
		_timerTickClear
 This function is called by:
		_apInit
		_timerProc
 This function uses a non-reentrant model


 *************** function _event_display *****************
 Defined at:
		line 89 in file "ap.c"
 Parameters:    Size  Location     Type
		None
 Auto vars:     Size  Location     Type
		None
 Return value:  Size  Location     Type
                  1    wreg      void 
 Registers used:
		wreg, fsr1l, fsr1h, status,2, status,0, pclath, cstack
 Tracked objects:
		On entry : 
		On exit  : 
		Unchanged: 
 Data sizes:     COMMON   BANK0   BANK1   BANK2   BANK3   BANK4   BANK5   BANK6   BANK7   BANK8   BANK9  BANK10  BANK11  BANK12
      Params:         0       0       0       0       0       0       0       0       0       0       0       0       0       0
      Locals:         0       0       0       0       0       0       0       0       0       0       0       0       0       0
      Temps:          0       2       0       0       0       0       0       0       0       0       0       0       0       0
      Totals:         0       2       0       0       0       0       0       0       0       0       0       0       0       0
Total ram usage:        2 bytes
 Hardware stack levels used:    1
 Hardware stack levels required when called:    7
 This function calls:
		_I2C_AS1115_Write
		_adcRead
		_disp_kv
		_disp_ma_result
		_timerEventStart
		_timerGetTick
		_timerTickClear
 This function is called by:
		_apInit
		_timerProc
 This function uses a non-reentrant model


 *************** function _event_expose *****************
 Defined at:
		line 81 in file "ap.c"
 Parameters:    Size  Location     Type
		None
 Auto vars:     Size  Location     Type
		None
 Return value:  Size  Location     Type
                  1    wreg      void 
 Registers used:
		wreg, fsr1l, fsr1h, status,2, status,0, pclath, cstack
 Tracked objects:
		On entry : 
		On exit  : 
		Unchanged: 
 Data sizes:     COMMON   BANK0   BANK1   BANK2   BANK3   BANK4   BANK5   BANK6   BANK7   BANK8   BANK9  BANK10  BANK11  BANK12
      Params:         0       0       0       0       0       0       0       0       0       0       0       0       0       0
      Locals:         0       0       0       0       0       0       0       0       0       0       0       0       0       0
      Temps:          0       0       0       0       0       0       0       0       0       0       0       0       0       0
      Totals:         0       0       0       0       0       0       0       0       0       0       0       0       0       0
Total ram usage:        0 bytes
 Hardware stack levels used:    1
 Hardware stack levels required when called:    3
 This function calls:
		_timerGetTick
		_timerTickClear
 This function is called by:
		_apInit
		_timerProc
 This function uses a non-reentrant model


 *************** function _event_timer_Button *****************
 Defined at:
		line 71 in file "ap.c"
 Parameters:    Size  Location     Type
		None
 Auto vars:     Size  Location     Type
		None
 Return value:  Size  Location     Type
                  1    wreg      void 
 Registers used:
		wreg, fsr1l, fsr1h, status,2, status,0, pclath, cstack
 Tracked objects:
		On entry : 
		On exit  : 
		Unchanged: 
 Data sizes:     COMMON   BANK0   BANK1   BANK2   BANK3   BANK4   BANK5   BANK6   BANK7   BANK8   BANK9  BANK10  BANK11  BANK12
      Params:         0       0       0       0       0       0       0       0       0       0       0       0       0       0
      Locals:         0       0       0       0       0       0       0       0       0       0       0       0       0       0
      Temps:          0       0       0       0       0       0       0       0       0       0       0       0       0       0
      Totals:         0       0       0       0       0       0       0       0       0       0       0       0       0       0
Total ram usage:        0 bytes
 Hardware stack levels used:    1
 Hardware stack levels required when called:    9
 This function calls:
		_processButtons
		_timerGetTick
		_timerTickClear
 This function is called by:
		_apInit
		_timerProc
 This function uses a non-reentrant model


 *************** function _processButtons *****************
 Defined at:
		line 32 in file "button.c"
 Parameters:    Size  Location     Type
		None
 Auto vars:     Size  Location     Type
  i               1    2[BANK1 ] unsigned char 
  isPressed       2    0[BANK1 ] unsigned char [2]
 Return value:  Size  Location     Type
                  1    wreg      void 
 Registers used:
		wreg, fsr1l, fsr1h, status,2, status,0, pclath, cstack
 Tracked objects:
		On entry : 
		On exit  : 
		Unchanged: 
 Data sizes:     COMMON   BANK0   BANK1   BANK2   BANK3   BANK4   BANK5   BANK6   BANK7   BANK8   BANK9  BANK10  BANK11  BANK12
      Params:         0       0       0       0       0       0       0       0       0       0       0       0       0       0
      Locals:         0       0       3       0       0       0       0       0       0       0       0       0       0       0
      Temps:          0       2       0       0       0       0       0       0       0       0       0       0       0       0
      Totals:         0       2       3       0       0       0       0       0       0       0       0       0       0       0
Total ram usage:        5 bytes
 Hardware stack levels used:    1
 Hardware stack levels required when called:    8
 This function calls:
		___bmul
		_processButton
 This function is called by:
		_event_timer_Button
 This function uses a non-reentrant model


 *************** function _processButton *****************
 Defined at:
		line 44 in file "button.c"
 Parameters:    Size  Location     Type
  button          1    wreg     PTR struct .
		 -> buttons(18), 
  isPressed       1   71[BANK0 ] unsigned char 
 Auto vars:     Size  Location     Type
  button          1   76[BANK0 ] PTR struct .
		 -> buttons(18), 
 Return value:  Size  Location     Type
                  1    wreg      void 
 Registers used:
		wreg, fsr1l, fsr1h, status,2, status,0, pclath, cstack
 Tracked objects:
		On entry : 
		On exit  : 
		Unchanged: 
 Data sizes:     COMMON   BANK0   BANK1   BANK2   BANK3   BANK4   BANK5   BANK6   BANK7   BANK8   BANK9  BANK10  BANK11  BANK12
      Params:         0       1       0       0       0       0       0       0       0       0       0       0       0       0
      Locals:         0       1       0       0       0       0       0       0       0       0       0       0       0       0
      Temps:          0       4       0       0       0       0       0       0       0       0       0       0       0       0
      Totals:         0       6       0       0       0       0       0       0       0       0       0       0       0       0
Total ram usage:        6 bytes
 Hardware stack levels used:    1
 Hardware stack levels required when called:    7
 This function calls:
		_event_btn_Expose
		_event_btn_Stop
 This function is called by:
		_processButtons
 This function uses a non-reentrant model


 *************** function _event_btn_Stop *****************
 Defined at:
		line 46 in file "ap.c"
 Parameters:    Size  Location     Type
		None
 Auto vars:     Size  Location     Type
  temp            2   31[BANK0 ] unsigned int 
  ret             1   30[BANK0 ] unsigned char 
 Return value:  Size  Location     Type
                  1    wreg      unsigned char 
 Registers used:
		wreg, fsr1l, fsr1h, status,2, status,0, pclath, cstack
 Tracked objects:
		On entry : 
		On exit  : 
		Unchanged: 
 Data sizes:     COMMON   BANK0   BANK1   BANK2   BANK3   BANK4   BANK5   BANK6   BANK7   BANK8   BANK9  BANK10  BANK11  BANK12
      Params:         0       0       0       0       0       0       0       0       0       0       0       0       0       0
      Locals:         0       3       0       0       0       0       0       0       0       0       0       0       0       0
      Temps:          0       1       0       0       0       0       0       0       0       0       0       0       0       0
      Totals:         0       4       0       0       0       0       0       0       0       0       0       0       0       0
Total ram usage:        4 bytes
 Hardware stack levels used:    1
 Hardware stack levels required when called:    6
 This function calls:
		_I2C_DAC_Write
		_pwmStop_ccp2
		_pwmStop_ccp3
		_timerTickClear
 This function is called by:
		_apInit
		_processButton
 This function uses a non-reentrant model


 *************** function _event_btn_Expose *****************
 Defined at:
		line 9 in file "ap.c"
 Parameters:    Size  Location     Type
		None
 Auto vars:     Size  Location     Type
  temp            2   69[BANK0 ] unsigned int 
  ret             1   68[BANK0 ] unsigned char 
 Return value:  Size  Location     Type
                  1    wreg      unsigned char 
 Registers used:
		wreg, fsr1l, fsr1h, status,2, status,0, pclath, cstack
 Tracked objects:
		On entry : 
		On exit  : 
		Unchanged: 
 Data sizes:     COMMON   BANK0   BANK1   BANK2   BANK3   BANK4   BANK5   BANK6   BANK7   BANK8   BANK9  BANK10  BANK11  BANK12
      Params:         0       0       0       0       0       0       0       0       0       0       0       0       0       0
      Locals:         0       3       0       0       0       0       0       0       0       0       0       0       0       0
      Temps:          0       1       0       0       0       0       0       0       0       0       0       0       0       0
      Totals:         0       4       0       0       0       0       0       0       0       0       0       0       0       0
Total ram usage:        4 bytes
 Hardware stack levels used:    1
 Hardware stack levels required when called:    6
 This function calls:
		_I2C_DAC_Write
		_adcTodac
		_pwmInit_ccp2
		_pwmInit_ccp3
		_pwmStart_ccp2
		_pwmStart_ccp3
		_timerEventStart
 This function is called by:
		_apInit
		_processButton
 This function uses a non-reentrant model


[...]
Total ram usage:        8 bytes
 Hardware stack levels used:    1
 Hardware stack levels required when called:    3
 This function calls:
		_get_millis
		_init_millis
		_millis
 This function is called by:
		_I2CStart
		_I2CStop
		_I2CSend
		_I2CRestart
		_I2CRead
 This function uses a non-reentrant model


 *************** function _I2CAck *****************
 Defined at:
		line 53 in file "I2C.c"
 Parameters:    Size  Location     Type
		None
 Auto vars:     Size  Location     Type
  prev            4   20[BANK0 ] unsigned long 
  now             4   16[BANK0 ] unsigned long 
 Return value:  Size  Location     Type
                  1    wreg      void 
 Registers used:
		wreg, status,2, status,0, pclath, cstack
 Tracked objects:
		On entry : 
		On exit  : 
		Unchanged: 
 Data sizes:     COMMON   BANK0   BANK1   BANK2   BANK3   BANK4   BANK5   BANK6   BANK7   BANK8   BANK9  BANK10  BANK11  BANK12
      Params:         0       0       0       0       0       0       0       0       0       0       0       0       0       0
      Locals:         0       8       0       0       0       0       0       0       0       0       0       0       0       0
      Temps:          0       0       0       0       0       0       0       0       0       0       0       0       0       0
      Totals:         0       8       0       0       0       0       0       0       0       0       0       0       0       0
Total ram usage:        8 bytes
 Hardware stack levels used:    1
 Hardware stack levels required when called:    3
 This function calls:
		_get_millis
		_init_millis
		_millis
 This function is called by:
		_I2C_AS1115_Write
 This function uses a non-reentrant model


 *************** function _millis *****************
 Defined at:
		line 11 in file "millis.c"
 Parameters:    Size  Location     Type
		None
 Auto vars:     Size  Location     Type
  ms              4    4[BANK0 ] unsigned long 
 Return value:  Size  Location     Type
                  4    0[BANK0 ] unsigned long 
 Registers used:
		wreg
 Tracked objects:
		On entry : 
		On exit  : 
		Unchanged: 
 Data sizes:     COMMON   BANK0   BANK1   BANK2   BANK3   BANK4   BANK5   BANK6   BANK7   BANK8   BANK9  BANK10  BANK11  BANK12
      Params:         0       4       0       0       0       0       0       0       0       0       0       0       0       0
      Locals:         0       4       0       0       0       0       0       0       0       0       0       0       0       0
      Temps:          0       0       0       0       0       0       0       0       0       0       0       0       0       0
      Totals:         0       8       0       0       0       0       0       0       0       0       0       0       0       0
Total ram usage:        8 bytes
 Hardware stack levels used:    1
 Hardware stack levels required when called:    2
 This function calls:
		Nothing
 This function is called by:
		_I2CAck
		_I2CWait
		_I2CAck_2
		_I2CWait_2
		_I2CNak
		_I2CNak_2
 This function uses a non-reentrant model


 *************** function _init_millis *****************
 Defined at:
		line 6 in file "millis.c"
 Parameters:    Size  Location     Type
		None
 Auto vars:     Size  Location     Type
		None
 Return value:  Size  Location     Type
                  1    wreg      void 
 Registers used:
		wreg
 Tracked objects:
		On entry : 
		On exit  : 
		Unchanged: 
 Data sizes:     COMMON   BANK0   BANK1   BANK2   BANK3   BANK4   BANK5   BANK6   BANK7   BANK8   BANK9  BANK10  BANK11  BANK12
      Params:         0       0       0       0       0       0       0       0       0       0       0       0       0       0
      Locals:         0       0       0       0       0       0       0       0       0       0       0       0       0       0
      Temps:          0       0       0       0       0       0       0       0       0       0       0       0       0       0
      Totals:         0       0       0       0       0       0       0       0       0       0       0       0       0       0
Total ram usage:        0 bytes
 Hardware stack levels used:    1
 Hardware stack levels required when called:    2
 This function calls:
		Nothing
 This function is called by:
		_I2CAck
		_I2CWait
		_I2CAck_2
		_I2CWait_2
		_I2CNak
		_I2CNak_2
 This function uses a non-reentrant model


 *************** function _get_millis *****************
 Defined at:
		line 18 in file "millis.c"
 Parameters:    Size  Location     Type
  now             4    0[BANK0 ] unsigned long 
  prev_now        4    4[BANK0 ] unsigned long 
 Auto vars:     Size  Location     Type
		None
 Return value:  Size  Location     Type
                  4    0[BANK0 ] unsigned long 
 Registers used:
		wreg, status,2, status,0
 Tracked objects:
		On entry : 
		On exit  : 
		Unchanged: 
 Data sizes:     COMMON   BANK0   BANK1   BANK2   BANK3   BANK4   BANK5   BANK6   BANK7   BANK8   BANK9  BANK10  BANK11  BANK12
      Params:         0       8       0       0       0       0       0       0       0       0       0       0       0       0
      Locals:         0       0       0       0       0       0       0       0       0       0       0       0       0       0
      Temps:          0       8       0       0       0       0       0       0       0       0       0       0       0       0
      Totals:         0      16       0       0       0       0       0       0       0       0       0       0       0       0
Total ram usage:       16 bytes
 Hardware stack levels used:    1
 Hardware stack levels required when called:    2
 This function calls:
		Nothing
 This function is called by:
		_I2CAck
		_I2CWait
		_I2CAck_2
		_I2CWait_2
		_I2CNak
		_I2CNak_2
 This function uses a non-reentrant model


 *************** function _I2CInit_2 *****************
 Defined at:
		line 122 in file "I2C.c"
 Parameters:    Size  Location     Type
  freq            2   21[BANK0 ] unsigned int 
 Auto vars:     Size  Location     Type
		None
 Return value:  Size  Location     Type
                  1    wreg      void 
 Registers used:
		wreg, status,2, status,0, pclath, cstack
 Tracked objects:
		On entry : 
		On exit  : 
		Unchanged: 
 Data sizes:     COMMON   BANK0   BANK1   BANK2   BANK3   BANK4   BANK5   BANK6   BANK7   BANK8   BANK9  BANK10  BANK11  BANK12
      Params:         0       2       0       0       0       0       0       0       0       0       0       0       0       0
      Locals:         0       0       0       0       0       0       0       0       0       0       0       0       0       0
      Temps:          0       6       0       0       0       0       0       0       0       0       0       0       0       0
      Totals:         0       8       0       0       0       0       0       0       0       0       0       0       0       0
Total ram usage:        8 bytes
 Hardware stack levels used:    1
 Hardware stack levels required when called:    3
 This function calls:
		___aldiv
		___wmul
 This function is called by:
		_apInit
 This function uses a non-reentrant model


 *************** function _I2CInit *****************
 Defined at:
		line 14 in file "I2C.c"
 Parameters:    Size  Location     Type
  freq            2   21[BANK0 ] unsigned int 
 Auto vars:     Size  Location     Type
		None
 Return value:  Size  Location     Type
                  1    wreg      void 
 Registers used:
		wreg, status,2, status,0, pclath, cstack
 Tracked objects:
		On entry : 
		On exit  : 
		Unchanged: 
 Data sizes:     COMMON   BANK0   BANK1   BANK2   BANK3   BANK4   BANK5   BANK6   BANK7   BANK8   BANK9  BANK10  BANK11  BANK12
      Params:         0       2       0       0       0       0       0       0       0       0       0       0       0       0
      Locals:         0       0       0       0       0       0       0       0       0       0       0       0       0       0
      Temps:          0       6       0       0       0       0       0       0       0       0       0       0       0       0
      Totals:         0       8       0       0       0       0       0       0       0       0       0       0       0       0
Total ram usage:        8 bytes
 Hardware stack levels used:    1
 Hardware stack levels required when called:    3
 This function calls:
		___aldiv
		___wmul
 This function is called by:
		_apInit
 This function uses a non-reentrant model


 *************** function ___wmul *****************
 Defined at:
		line 15 in file "C:\Program Files (x86)\Microchip\xc8\v1.38\sources\common\Umul16.c"
 Parameters:    Size  Location     Type
  multiplier      2    0[BANK0 ] unsigned int 
  multiplicand    2    2[BANK0 ] unsigned int 
 Auto vars:     Size  Location     Type
  product         2    4[BANK0 ] unsigned int 
 Return value:  Size  Location     Type
                  2    0[BANK0 ] unsigned int 
 Registers used:
		wreg, status,2, status,0
 Tracked objects:
		On entry : 
		On exit  : 
		Unchanged: 
 Data sizes:     COMMON   BANK0   BANK1   BANK2   BANK3   BANK4   BANK5   BANK6   BANK7   BANK8   BANK9  BANK10  BANK11  BANK12
      Params:         0       4       0       0       0       0       0       0       0       0       0       0       0       0
      Locals:         0       2       0       0       0       0       0       0       0       0       0       0       0       0
      Temps:          0       0       0       0       0       0       0       0       0       0       0       0       0       0
      Totals:         0       6       0       0       0       0       0       0       0       0       0       0       0       0
Total ram usage:        6 bytes
 Hardware stack levels used:    1
 Hardware stack levels required when called:    2
 This function calls:
		Nothing
 This function is called by:
		_I2CInit
		_I2CInit_2
		_disp_ma_result
		_disp_kv
		_disp_ADC
		_disp_ma
 This function uses a non-reentrant model


 *************** function ___aldiv *****************
 Defined at:
		line 6 in file "C:\Program Files (x86)\Microchip\xc8\v1.38\sources\common\aldiv.c"
 Parameters:    Size  Location     Type
  divisor         4    6[BANK0 ] long 
  dividend        4   10[BANK0 ] long 
 Auto vars:     Size  Location     Type
  quotient        4   17[BANK0 ] long 
  sign            1   16[BANK0 ] unsigned char 
  counter         1   15[BANK0 ] unsigned char 
 Return value:  Size  Location     Type
                  4    6[BANK0 ] long 
 Registers used:
		wreg, status,2, status,0
 Tracked objects:
		On entry : 
		On exit  : 
		Unchanged: 
 Data sizes:     COMMON   BANK0   BANK1   BANK2   BANK3   BANK4   BANK5   BANK6   BANK7   BANK8   BANK9  BANK10  BANK11  BANK12
      Params:         0       8       0       0       0       0       0       0       0       0       0       0       0       0
      Locals:         0       6       0       0       0       0       0       0       0       0       0       0       0       0
      Temps:          0       1       0       0       0       0       0       0       0       0       0       0       0       0
      Totals:         0      15       0       0       0       0       0       0       0       0       0       0       0       0
Total ram usage:       15 bytes
 Hardware stack levels used:    1
 Hardware stack levels required when called:    2
 This function calls:
		Nothing
 This function is called by:
		_I2CInit
		_I2CInit_2
		_pwmInit_ccp2
		_pwmInit_ccp3
 This function uses a non-reentrant model


 *************** function _isr *****************
 Defined at:
		line 386 in file "ap.c"
 Parameters:    Size  Location     Type
		None
 Auto vars:     Size  Location     Type
		None
 Return value:  Size  Location     Type
                  1    wreg      void 
 Registers used:
		wreg, fsr1l, fsr1h, status,2, status,0, pclath, cstack
 Tracked objects:
		On entry : 
		On exit  : 
		Unchanged: 
 Data sizes:     COMMON   BANK0   BANK1   BANK2   BANK3   BANK4   BANK5   BANK6   BANK7   BANK8   BANK9  BANK10  BANK11  BANK12
      Params:         0       0       0       0       0       0       0       0       0       0       0       0       0       0
      Locals:         0       0       0       0       0       0       0       0       0       0       0       0       0       0
      Temps:          2       0       0       0       0       0       0       0       0       0       0       0       0       0
      Totals:         2       0       0       0       0       0       0       0       0       0       0       0       0       0
Total ram usage:        2 bytes
 Hardware stack levels used:    1
 Hardware stack levels required when called:    1
 This function calls:
		_timerInterruptProc
 This function is called by:
		Interrupt level 1
 This function uses a non-reentrant model


 *************** function _timerInterruptProc *****************
 Defined at:
		line 41 in file "timer.c"
 Parameters:    Size  Location     Type
  time            1    wreg     PTR struct .
		 -> Timer(48), 
  ch_count        1    0[COMMON] unsigned char 
 Auto vars:     Size  Location     Type
  time            1    9[COMMON] PTR struct .
		 -> Timer(48), 
  i               1   10[COMMON] unsigned char 
 Return value:  Size  Location     Type
                  1    wreg      void 
 Registers used:
		wreg, fsr1l, fsr1h, status,2, status,0
 Tracked objects:
		On entry : 
		On exit  : 
		Unchanged: 
 Data sizes:     COMMON   BANK0   BANK1   BANK2   BANK3   BANK4   BANK5   BANK6   BANK7   BANK8   BANK9  BANK10  BANK11  BANK12
      Params:         1       0       0       0       0       0       0       0       0       0       0       0       0       0
      Locals:         2       0       0       0       0       0       0       0       0       0       0       0       0       0
      Temps:          8       0       0       0       0       0       0       0       0       0       0       0       0       0
      Totals:        11       0       0       0       0       0       0       0       0       0       0       0       0       0
Total ram usage:       11 bytes
 Hardware stack levels used:    1
 This function calls:
		Nothing
 This function is called by:
		_isr
 This function uses a non-reentrant model



MODULE INFORMATION

Module		Function		Class		Link	Load	Size
C:\Program Files (x86)\Microchip\xc8\v1.38\sources\common\ftsub.c
		___ftsub       		CODE           	093D	0000	31

C:\Program Files (x86)\Microchip\xc8\v1.38\sources\common\ftsub.c estimated size: 31

C:\Program Files (x86)\Microchip\xc8\v1.38\sources\common\float.c
		___ftpack      		CODE           	0D83	0000	102

C:\Program Files (x86)\Microchip\xc8\v1.38\sources\common\float.c estimated size: 102

MCP47FEB2X.c
		_I2C_DAC_Write 		CODE           	0AF2	0000	58

MCP47FEB2X.c estimated size: 58

ap.c
		_apMain        		CODE           	08F2	0000	23
		_event_display 		CODE           	0330	0000	217
		_apInit        		CODE           	0408	0000	215
		_initPort      		CODE           	0CE5	0000	74
		_event_rst     		CODE           	0885	0000	16
		_isr           		CODE           	0004	0000	33
		_initTimer     		CODE           	084D	0000	15
		_event_anodeCurrent		CODE           	0258	0000	217
		_event_expose  		CODE           	0877	0000	15
		_event_btn_Expose		CODE           	0D2E	0000	86
		_event_timer_Button		CODE           	08A5	0000	18
		_event_btn_Stop		CODE           	09BE	0000	37

ap.c estimated size: 966

C:\Program Files (x86)\Microchip\xc8\v1.38\sources\common\lwmod.c
		___lwmod       		CODE           	0A34	0000	46

C:\Program Files (x86)\Microchip\xc8\v1.38\sources\common\lwmod.c estimated size: 46

button.c
		_processButton 		CODE           	0E63	0000	130
		_processButtons		CODE           	0A8E	0000	48
		_buttons_init  		CODE           	082C	0000	11
		_buttons_setFuncs		CODE           	0894	0000	18

button.c estimated size: 207

C:\Program Files (x86)\Microchip\xc8\v1.38\sources\common\Umul16.c
		___wmul        		CODE           	0921	0000	29

C:\Program Files (x86)\Microchip\xc8\v1.38\sources\common\Umul16.c estimated size: 29

millis.c
		_millis        		CODE           	0908	0000	26
		_init_millis   		CODE           	0822	0000	11
		_get_millis    		CODE           	09E2	0000	42

millis.c estimated size: 79

timer.c
		_timerEventStart		CODE           	0808	0000	9
		_timerInit     		CODE           	097A	0000	35
		_timerProc     		CODE           	0841	0000	13
		_timerGetTick  		CODE           	17F2	0000	8
		_timerInterruptProc		CODE           	0DE8	0000	124
		_timerTickClear		CODE           	08C8	0000	22

timer.c estimated size: 211

I2C.c
		_I2CStop       		CODE           	17D7	0000	6
		_I2CStop_2     		CODE           	17E1	0000	6
		_I2CAck        		CODE           	0BE1	0000	65
		_I2CAck_2      		CODE           	0C21	0000	65
		_I2CStart      		CODE           	17D2	0000	6
		_I2CStart_2    		CODE           	17DC	0000	6
		_I2CWait       		CODE           	0C61	0000	67
		_I2CWait_2     		CODE           	0CA3	0000	67
		_I2CInit       		CODE           	0B67	0000	62
		_I2CInit_2     		CODE           	0BA4	0000	62
		_I2CSend       		CODE           	0810	0000	10
		_I2CSend_2     		CODE           	0819	0000	10

I2C.c estimated size: 432

AS1115.c
		_I2C_AS1115_Write		CODE           	095B	0000	32

AS1115.c estimated size: 32

C:\Program Files (x86)\Microchip\xc8\v1.38\sources\common\ftmul.c
		___ftmul       		CODE           	04DE	0000	181

C:\Program Files (x86)\Microchip\xc8\v1.38\sources\common\ftmul.c estimated size: 181

C:\Program Files (x86)\Microchip\xc8\v1.38\sources\common\ftdiv.c
		___ftdiv       		CODE           	0592	0000	170

C:\Program Files (x86)\Microchip\xc8\v1.38\sources\common\ftdiv.c estimated size: 170

pwm.c
		_pwmStart_ccp2 		CODE           	085B	0000	15
		_pwmStart_ccp3 		CODE           	0869	0000	15
		_pwmInit_ccp2  		CODE           	0F66	0000	155
		_pwmInit_ccp3  		CODE           	06DD	0000	156
		_pwmStop_ccp2  		CODE           	17E6	0000	7
		_pwmStop_ccp3  		CODE           	0800	0000	9

pwm.c estimated size: 357

C:\Program Files (x86)\Microchip\xc8\v1.38\sources\common\lwdiv.c
		___lwdiv       		CODE           	0ABD	0000	54

C:\Program Files (x86)\Microchip\xc8\v1.38\sources\common\lwdiv.c estimated size: 54

adc.c
		_adcRead       		CODE           	0A0B	0000	42
		_adcInit       		CODE           	0836	0000	12

adc.c estimated size: 54

C:\Program Files (x86)\Microchip\xc8\v1.38\sources\common\aldiv.c
		___aldiv       		CODE           	0EE4	0000	131

C:\Program Files (x86)\Microchip\xc8\v1.38\sources\common\aldiv.c estimated size: 131

C:\Program Files (x86)\Microchip\xc8\v1.38\sources\common\Umul8.c
		___bmul        		CODE           	08B6	0000	19

C:\Program Files (x86)\Microchip\xc8\v1.38\sources\common\Umul8.c estimated size: 19

C:\Program Files (x86)\Microchip\xc8\v1.38\sources\common\fttol.c
		___fttol       		CODE           	0778	0000	136

C:\Program Files (x86)\Microchip\xc8\v1.38\sources\common\fttol.c estimated size: 136

shared
		__initialization		CODE           	0026	0000	16

shared estimated size: 16

C:\Program Files (x86)\Microchip\xc8\v1.38\sources\common\lwtoft.c
		___lwtoft      		CODE           	08DD	0000	22

C:\Program Files (x86)\Microchip\xc8\v1.38\sources\common\lwtoft.c estimated size: 22

app.c
		_disp_kv       		CODE           	0039	0000	298
		_disp_ma_result		CODE           	063B	0000	163
		_adcTodac      		CODE           	0A61	0000	46

app.c estimated size: 507

C:\Program Files (x86)\Microchip\xc8\v1.38\sources\common\awtoft.c
		___awtoft      		CODE           	099C	0000	35

C:\Program Files (x86)\Microchip\xc8\v1.38\sources\common\awtoft.c estimated size: 35

C:\Program Files (x86)\Microchip\xc8\v1.38\sources\common\ftadd.c
		___ftadd       		CODE           	0162	0000	247

C:\Program Files (x86)\Microchip\xc8\v1.38\sources\common\ftadd.c estimated size: 247

main.c
		_main          		CODE           	17F9	0000	8

main.c estimated size: 8

C:\Program Files (x86)\Microchip\xc8\v1.38\sources\common\ftge.c
		___ftge        		CODE           	0B2B	0000	61

C:\Program Files (x86)\Microchip\xc8\v1.38\sources\common\ftge.c estimated size: 61

